Component: ARM Compiler 6.16 Tool: armlink [5dfeaa00]

==============================================================================

Section Cross References

    startup_stm32f407xx.o(RESET) refers to startup_stm32f407xx.o(STACK) for __initial_sp
    startup_stm32f407xx.o(RESET) refers to startup_stm32f407xx.o(.text) for Reset_Handler
    startup_stm32f407xx.o(RESET) refers to stm32f4xx_it.o(.text.NMI_Handler) for NMI_Handler
    startup_stm32f407xx.o(RESET) refers to stm32f4xx_it.o(.text.HardFault_Handler) for HardFault_Handler
    startup_stm32f407xx.o(RESET) refers to stm32f4xx_it.o(.text.MemManage_Handler) for MemManage_Handler
    startup_stm32f407xx.o(RESET) refers to stm32f4xx_it.o(.text.BusFault_Handler) for BusFault_Handler
    startup_stm32f407xx.o(RESET) refers to stm32f4xx_it.o(.text.UsageFault_Handler) for UsageFault_Handler
    startup_stm32f407xx.o(RESET) refers to stm32f4xx_it.o(.text.SVC_Handler) for SVC_Handler
    startup_stm32f407xx.o(RESET) refers to stm32f4xx_it.o(.text.DebugMon_Handler) for DebugMon_Handler
    startup_stm32f407xx.o(RESET) refers to stm32f4xx_it.o(.text.PendSV_Handler) for PendSV_Handler
    startup_stm32f407xx.o(RESET) refers to stm32f4xx_it.o(.text.SysTick_Handler) for SysTick_Handler
    startup_stm32f407xx.o(RESET) refers to stm32f4xx_it.o(.text.CAN1_TX_IRQHandler) for CAN1_TX_IRQHandler
    startup_stm32f407xx.o(RESET) refers to stm32f4xx_it.o(.text.CAN1_RX0_IRQHandler) for CAN1_RX0_IRQHandler
    startup_stm32f407xx.o(RESET) refers to stm32f4xx_it.o(.text.CAN1_RX1_IRQHandler) for CAN1_RX1_IRQHandler
    startup_stm32f407xx.o(RESET) refers to stm32f4xx_it.o(.text.TIM1_BRK_TIM9_IRQHandler) for TIM1_BRK_TIM9_IRQHandler
    startup_stm32f407xx.o(RESET) refers to stm32f4xx_it.o(.text.TIM1_UP_TIM10_IRQHandler) for TIM1_UP_TIM10_IRQHandler
    startup_stm32f407xx.o(RESET) refers to stm32f4xx_it.o(.text.TIM1_TRG_COM_TIM11_IRQHandler) for TIM1_TRG_COM_TIM11_IRQHandler
    startup_stm32f407xx.o(RESET) refers to stm32f4xx_it.o(.text.TIM1_CC_IRQHandler) for TIM1_CC_IRQHandler
    startup_stm32f407xx.o(RESET) refers to stm32f4xx_it.o(.text.TIM2_IRQHandler) for TIM2_IRQHandler
    startup_stm32f407xx.o(RESET) refers to stm32f4xx_it.o(.text.TIM3_IRQHandler) for TIM3_IRQHandler
    startup_stm32f407xx.o(RESET) refers to stm32f4xx_it.o(.text.USART1_IRQHandler) for USART1_IRQHandler
    startup_stm32f407xx.o(RESET) refers to stm32f4xx_it.o(.text.USART2_IRQHandler) for USART2_IRQHandler
    startup_stm32f407xx.o(RESET) refers to stm32f4xx_it.o(.text.TIM5_IRQHandler) for TIM5_IRQHandler
    startup_stm32f407xx.o(RESET) refers to stm32f4xx_it.o(.text.TIM6_DAC_IRQHandler) for TIM6_DAC_IRQHandler
    startup_stm32f407xx.o(.text) refers to system_stm32f4xx.o(.text.SystemInit) for SystemInit
    startup_stm32f407xx.o(.text) refers to entry.o(.ARM.Collect$$$$00000000) for __main
    main.o(.text.main) refers to stm32f4xx_hal.o(.text.HAL_Init) for HAL_Init
    main.o(.text.main) refers to main.o(.text.SystemClock_Config) for SystemClock_Config
    main.o(.text.main) refers to main.o(.text.MX_GPIO_Init) for MX_GPIO_Init
    main.o(.text.main) refers to main.o(.text.MX_CAN1_Init) for MX_CAN1_Init
    main.o(.text.main) refers to main.o(.text.MX_TIM1_Init) for MX_TIM1_Init
    main.o(.text.main) refers to main.o(.text.MX_TIM2_Init) for MX_TIM2_Init
    main.o(.text.main) refers to main.o(.text.MX_USART1_UART_Init) for MX_USART1_UART_Init
    main.o(.text.main) refers to main.o(.text.MX_TIM3_Init) for MX_TIM3_Init
    main.o(.text.main) refers to main.o(.text.MX_TIM5_Init) for MX_TIM5_Init
    main.o(.text.main) refers to main.o(.text.MX_TIM6_Init) for MX_TIM6_Init
    main.o(.text.main) refers to main.o(.text.MX_USART2_UART_Init) for MX_USART2_UART_Init
    main.o(.text.main) refers to system_stm32f4xx.o(.data.SystemCoreClock) for SystemCoreClock
    main.o(.text.main) refers to dfltui.o(.text) for __aeabi_ui2d
    main.o(.text.main) refers to ddiv.o(.text) for __aeabi_ddiv
    main.o(.text.main) refers to dfixui.o(.text) for __aeabi_d2uiz
    main.o(.text.main) refers to main.o(.text.SysTick_Config) for SysTick_Config
    main.o(.text.main) refers to main.o(.data.autoReloadTimerLoopVal_S) for autoReloadTimerLoopVal_S
    main.o(.text.main) refers to main.o(.data.remainAutoReloadTimerLoopVal_S) for remainAutoReloadTimerLoopVal_S
    main.o(.text.main) refers to main.o(.bss.OverrunFlags.0) for OverrunFlags.0
    main.o(.text.main) refers to xusiming.o(.text.xusiming_initialize) for xusiming_initialize
    main.o(.text.main) refers to xusiming.o(.rodata.xusiming_M) for xusiming_M
    main.o(.text.main) refers to xusiming.o(.text.xusiming_step) for xusiming_step
    main.o(.ARM.exidx.text.main) refers to main.o(.text.main) for [Anonymous Symbol]
    main.o(.text.SystemClock_Config) refers to memseta.o(.text) for __aeabi_memclr4
    main.o(.text.SystemClock_Config) refers to stm32f4xx_hal_rcc.o(.text.HAL_RCC_OscConfig) for HAL_RCC_OscConfig
[...]
    ../clib/microlib/init/entry.s            0x00000000   Number         0  entry8b.o ABSOLUTE
    ../clib/microlib/init/entry.s            0x00000000   Number         0  entry9a.o ABSOLUTE
    ../clib/microlib/init/entry.s            0x00000000   Number         0  entry9b.o ABSOLUTE
    ../clib/microlib/init/entry.s            0x00000000   Number         0  entry10a.o ABSOLUTE
    ../clib/microlib/init/entry.s            0x00000000   Number         0  entry10b.o ABSOLUTE
    ../clib/microlib/init/entry.s            0x00000000   Number         0  entry11a.o ABSOLUTE
    ../clib/microlib/init/entry.s            0x00000000   Number         0  entry11b.o ABSOLUTE
    ../clib/microlib/longlong.c              0x00000000   Number         0  llshl.o ABSOLUTE
    ../clib/microlib/longlong.c              0x00000000   Number         0  llushr.o ABSOLUTE
    ../clib/microlib/string/memcpy.c         0x00000000   Number         0  memcpya.o ABSOLUTE
    ../clib/microlib/string/memcpy.c         0x00000000   Number         0  memcpyb.o ABSOLUTE
    ../clib/microlib/string/memset.c         0x00000000   Number         0  memseta.o ABSOLUTE
    ../clib/microlib/stubs.s                 0x00000000   Number         0  iusefp.o ABSOLUTE
    ../fplib/microlib/fpcmp.c                0x00000000   Number         0  dcmplt.o ABSOLUTE
    ../fplib/microlib/fpcmp.c                0x00000000   Number         0  dcmpgt.o ABSOLUTE
    ../fplib/microlib/fpcmp.c                0x00000000   Number         0  dcmpeq.o ABSOLUTE
    ../fplib/microlib/fpdiv.c                0x00000000   Number         0  ddiv.o ABSOLUTE
    ../fplib/microlib/fpepilogue.c           0x00000000   Number         0  depilogue.o ABSOLUTE
    ../fplib/microlib/fpfix.c                0x00000000   Number         0  dfixui.o ABSOLUTE
    ../fplib/microlib/fpflt.c                0x00000000   Number         0  dfltui.o ABSOLUTE
    dc.s                                     0x00000000   Number         0  dc.o ABSOLUTE
    getBuffPtr.c                             0x00000000   Number         0  getbuffptr.o ABSOLUTE
    handlers.s                               0x00000000   Number         0  handlers.o ABSOLUTE
    init.s                                   0x00000000   Number         0  init.o ABSOLUTE
    main.c                                   0x00000000   Number         0  main.o ABSOLUTE
    rtGetInf.c                               0x00000000   Number         0  rtgetinf.o ABSOLUTE
    rtGetNaN.c                               0x00000000   Number         0  rtgetnan.o ABSOLUTE
    rt_nonfinite.c                           0x00000000   Number         0  rt_nonfinite.o ABSOLUTE
    rt_zcfcn.c                               0x00000000   Number         0  rt_zcfcn.o ABSOLUTE
    startup_stm32f407xx.s                    0x00000000   Number         0  startup_stm32f407xx.o ABSOLUTE
    stm32f4xx_hal.c                          0x00000000   Number         0  stm32f4xx_hal.o ABSOLUTE
    stm32f4xx_hal_can.c                      0x00000000   Number         0  stm32f4xx_hal_can.o ABSOLUTE
    stm32f4xx_hal_cortex.c                   0x00000000   Number         0  stm32f4xx_hal_cortex.o ABSOLUTE
    stm32f4xx_hal_dma.c                      0x00000000   Number         0  stm32f4xx_hal_dma.o ABSOLUTE
    stm32f4xx_hal_dma_ex.c                   0x00000000   Number         0  stm32f4xx_hal_dma_ex.o ABSOLUTE
    stm32f4xx_hal_exti.c                     0x00000000   Number         0  stm32f4xx_hal_exti.o ABSOLUTE
    stm32f4xx_hal_flash.c                    0x00000000   Number         0  stm32f4xx_hal_flash.o ABSOLUTE
    stm32f4xx_hal_flash_ex.c                 0x00000000   Number         0  stm32f4xx_hal_flash_ex.o ABSOLUTE
    stm32f4xx_hal_flash_ramfunc.c            0x00000000   Number         0  stm32f4xx_hal_flash_ramfunc.o ABSOLUTE
    stm32f4xx_hal_gpio.c                     0x00000000   Number         0  stm32f4xx_hal_gpio.o ABSOLUTE
    stm32f4xx_hal_msp.c                      0x00000000   Number         0  stm32f4xx_hal_msp.o ABSOLUTE
    stm32f4xx_hal_pwr.c                      0x00000000   Number         0  stm32f4xx_hal_pwr.o ABSOLUTE
    stm32f4xx_hal_pwr_ex.c                   0x00000000   Number         0  stm32f4xx_hal_pwr_ex.o ABSOLUTE
    stm32f4xx_hal_rcc.c                      0x00000000   Number         0  stm32f4xx_hal_rcc.o ABSOLUTE
    stm32f4xx_hal_rcc_ex.c                   0x00000000   Number         0  stm32f4xx_hal_rcc_ex.o ABSOLUTE
    stm32f4xx_hal_tim.c                      0x00000000   Number         0  stm32f4xx_hal_tim.o ABSOLUTE
    stm32f4xx_hal_tim_ex.c                   0x00000000   Number         0  stm32f4xx_hal_tim_ex.o ABSOLUTE
    stm32f4xx_hal_uart.c                     0x00000000   Number         0  stm32f4xx_hal_uart.o ABSOLUTE
    stm32f4xx_it.c                           0x00000000   Number         0  stm32f4xx_it.o ABSOLUTE
    system_stm32f4xx.c                       0x00000000   Number         0  system_stm32f4xx.o ABSOLUTE
    xusiming.c                               0x00000000   Number         0  xusiming.o ABSOLUTE
    xusiming_CAN.c                           0x00000000   Number         0  xusiming_can.o ABSOLUTE
    xusiming_TIM.c                           0x00000000   Number         0  xusiming_tim.o ABSOLUTE
    xusiming_USART.c                         0x00000000   Number         0  xusiming_usart.o ABSOLUTE
    xusiming_data.c                          0x00000000   Number         0  xusiming_data.o ABSOLUTE
    RESET                                    0x08010000   Section      392  startup_stm32f407xx.o(RESET)
    .ARM.Collect$$$$00000000                 0x08010188   Section        0  entry.o(.ARM.Collect$$$$00000000)
    .ARM.Collect$$$$00000001                 0x08010188   Section        4  entry2.o(.ARM.Collect$$$$00000001)
    .ARM.Collect$$$$00000004                 0x0801018c   Section        4  entry5.o(.ARM.Collect$$$$00000004)
    .ARM.Collect$$$$00000008                 0x08010190   Section        0  entry7b.o(.ARM.Collect$$$$00000008)
    .ARM.Collect$$$$0000000A                 0x08010190   Section        0  entry8b.o(.ARM.Collect$$$$0000000A)
    .ARM.Collect$$$$0000000B                 0x08010190   Section        8  entry9a.o(.ARM.Collect$$$$0000000B)
    __lit__00000000                          0x08010198   Data           4  entry2.o(.ARM.Collect$$$$00002712)
    .ARM.Collect$$$$0000000D                 0x08010198   Section        0  entry10a.o(.ARM.Collect$$$$0000000D)
    .ARM.Collect$$$$0000000F                 0x08010198   Section        0  entry11a.o(.ARM.Collect$$$$0000000F)
    .ARM.Collect$$$$00002712                 0x08010198   Section        4  entry2.o(.ARM.Collect$$$$00002712)
    $v0                                      0x0801019c   Number         0  startup_stm32f407xx.o(.text)
    .text                                    0x0801019c   Section       36  startup_stm32f407xx.o(.text)
    .text                                    0x080101c0   Section        0  uldiv.o(.text)
    .text                                    0x08010222   Section        0  memcpya.o(.text)
    .text                                    0x08010246   Section        0  memseta.o(.text)
    .text                                    0x0801026a   Section        0  ddiv.o(.text)
    .text                                    0x08010348   Section        0  dcmplt.o(.text)
    .text                                    0x0801037e   Section        0  dcmpgt.o(.text)
    .text                                    0x080103b4   Section        0  dfltui.o(.text)
    .text                                    0x080103ce   Section        0  dfixui.o(.text)
    .text                                    0x08010400   Section        0  llshl.o(.text)
    .text                                    0x0801041e   Section        0  llushr.o(.text)
    .text                                    0x0801043e   Section        0  iusefp.o(.text)
    .text                                    0x0801043e   Section        0  depilogue.o(.text)
    .text                                    0x080104f8   Section       36  init.o(.text)
    [Anonymous Symbol]                       0x0801051c   Section        0  stm32f4xx_it.o(.text.BusFault_Handler)
    [Anonymous Symbol]                       0x08010520   Section        0  stm32f4xx_it.o(.text.CAN1_RX0_IRQHandler)
    [Anonymous Symbol]                       0x08010530   Section        0  stm32f4xx_it.o(.text.CAN1_RX1_IRQHandler)
    [Anonymous Symbol]                       0x08010540   Section        0  xusiming_can.o(.text.CAN1_Rx_ItFcn)
    [Anonymous Symbol]                       0x0801054c   Section        0  stm32f4xx_it.o(.text.CAN1_TX_IRQHandler)
    [Anonymous Symbol]                       0x0801055c   Section        0  xusiming_can.o(.text.CAN1_Tx_ItFcn)
    [Anonymous Symbol]                       0x08010568   Section        0  stm32f4xx_it.o(.text.DebugMon_Handler)
    [Anonymous Symbol]                       0x0801056c   Section        0  main.o(.text.Error_Handler)
    [Anonymous Symbol]                       0x08010570   Section        0  stm32f4xx_hal_can.o(.text.HAL_CAN_ActivateNotification)
    [Anonymous Symbol]                       0x08010598   Section        0  stm32f4xx_hal_can.o(.text.HAL_CAN_AddTxMessage)
    [Anonymous Symbol]                       0x0801063c   Section        0  stm32f4xx_hal_can.o(.text.HAL_CAN_ConfigFilter)
    [Anonymous Symbol]                       0x0801071c   Section        0  xusiming_can.o(.text.HAL_CAN_ErrorCallback)
    [Anonymous Symbol]                       0x08010734   Section        0  stm32f4xx_hal_can.o(.text.HAL_CAN_GetRxFifoFillLevel)
    [Anonymous Symbol]                       0x08010754   Section        0  stm32f4xx_hal_can.o(.text.HAL_CAN_GetRxMessage)
    [Anonymous Symbol]                       0x08010870   Section        0  stm32f4xx_hal_can.o(.text.HAL_CAN_IRQHandler)
    [Anonymous Symbol]                       0x08010aac   Section        0  stm32f4xx_hal_can.o(.text.HAL_CAN_Init)
    [Anonymous Symbol]                       0x08010ba0   Section        0  stm32f4xx_hal_msp.o(.text.HAL_CAN_MspInit)
    [Anonymous Symbol]                       0x08010c44   Section        0  xusiming_can.o(.text.HAL_CAN_RxFifo0FullCallback)
    [Anonymous Symbol]                       0x08010c5c   Section        0  xusiming_can.o(.text.HAL_CAN_RxFifo0MsgPendingCallback)
    [Anonymous Symbol]                       0x08010c74   Section        0  xusiming_can.o(.text.HAL_CAN_RxFifo1FullCallback)
    [Anonymous Symbol]                       0x08010c8c   Section        0  xusiming_can.o(.text.HAL_CAN_RxFifo1MsgPendingCallback)
    [Anonymous Symbol]                       0x08010ca4   Section        0  xusiming_can.o(.text.HAL_CAN_SleepCallback)
    [Anonymous Symbol]                       0x08010ca8   Section        0  stm32f4xx_hal_can.o(.text.HAL_CAN_Start)
    [Anonymous Symbol]                       0x08010d04   Section        0  xusiming_can.o(.text.HAL_CAN_TxMailbox0AbortCallback)
    [Anonymous Symbol]                       0x08010d08   Section        0  xusiming_can.o(.text.HAL_CAN_TxMailbox0CompleteCallback)
    [Anonymous Symbol]                       0x08010d20   Section        0  xusiming_can.o(.text.HAL_CAN_TxMailbox1AbortCallback)
    [Anonymous Symbol]                       0x08010d24   Section        0  xusiming_can.o(.text.HAL_CAN_TxMailbox1CompleteCallback)
    [Anonymous Symbol]                       0x08010d3c   Section        0  xusiming_can.o(.text.HAL_CAN_TxMailbox2AbortCallback)
    [Anonymous Symbol]                       0x08010d40   Section        0  xusiming_can.o(.text.HAL_CAN_TxMailbox2CompleteCallback)
    [Anonymous Symbol]                       0x08010d58   Section        0  xusiming_can.o(.text.HAL_CAN_WakeUpFromRxMsgCallback)
    [Anonymous Symbol]                       0x08010d5c   Section        0  stm32f4xx_hal_dma.o(.text.HAL_DMA_Abort_IT)
    [Anonymous Symbol]                       0x08010d80   Section        0  stm32f4xx_hal_gpio.o(.text.HAL_GPIO_Init)
    [Anonymous Symbol]                       0x08010f1c   Section        0  stm32f4xx_hal_gpio.o(.text.HAL_GPIO_ReadPin)
    [Anonymous Symbol]                       0x08010f28   Section        0  stm32f4xx_hal_gpio.o(.text.HAL_GPIO_TogglePin)
    [Anonymous Symbol]                       0x08010f38   Section        0  stm32f4xx_hal_gpio.o(.text.HAL_GPIO_WritePin)
    [Anonymous Symbol]                       0x08010f44   Section        0  stm32f4xx_hal.o(.text.HAL_GetTick)
    [Anonymous Symbol]                       0x08010f50   Section        0  stm32f4xx_hal.o(.text.HAL_IncTick)
    [Anonymous Symbol]                       0x08010f6c   Section        0  stm32f4xx_hal.o(.text.HAL_Init)
    [Anonymous Symbol]                       0x08010fa4   Section        0  stm32f4xx_hal.o(.text.HAL_InitTick)
    [Anonymous Symbol]                       0x08010ff4   Section        0  stm32f4xx_hal_msp.o(.text.HAL_MspInit)
    [Anonymous Symbol]                       0x0801102c   Section        0  stm32f4xx_hal_cortex.o(.text.HAL_NVIC_EnableIRQ)
    [Anonymous Symbol]                       0x08011034   Section        0  stm32f4xx_hal_cortex.o(.text.HAL_NVIC_SetPriority)
    [Anonymous Symbol]                       0x08011054   Section        0  stm32f4xx_hal_cortex.o(.text.HAL_NVIC_SetPriorityGrouping)
    [Anonymous Symbol]                       0x0801105c   Section        0  stm32f4xx_hal_rcc.o(.text.HAL_RCC_ClockConfig)
    [Anonymous Symbol]                       0x080111bc   Section        0  stm32f4xx_hal_rcc.o(.text.HAL_RCC_GetHCLKFreq)
    [Anonymous Symbol]                       0x080111c8   Section        0  stm32f4xx_hal_rcc.o(.text.HAL_RCC_GetPCLK1Freq)
    [Anonymous Symbol]                       0x080111ec   Section        0  stm32f4xx_hal_rcc.o(.text.HAL_RCC_GetPCLK2Freq)
    [Anonymous Symbol]                       0x08011210   Section        0  stm32f4xx_hal_rcc.o(.text.HAL_RCC_GetSysClockFreq)
    [Anonymous Symbol]                       0x08011278   Section        0  stm32f4xx_hal_rcc.o(.text.HAL_RCC_OscConfig)
    [Anonymous Symbol]                       0x080115ac   Section        0  stm32f4xx_hal_cortex.o(.text.HAL_SYSTICK_Config)
    [Anonymous Symbol]                       0x080115b4   Section        0  stm32f4xx_hal_tim_ex.o(.text.HAL_TIMEx_BreakCallback)
    [Anonymous Symbol]                       0x080115b8   Section        0  stm32f4xx_hal_tim_ex.o(.text.HAL_TIMEx_CommutCallback)
    [Anonymous Symbol]                       0x080115bc   Section        0  stm32f4xx_hal_tim_ex.o(.text.HAL_TIMEx_ConfigBreakDeadTime)
    [Anonymous Symbol]                       0x08011608   Section        0  stm32f4xx_hal_tim_ex.o(.text.HAL_TIMEx_MasterConfigSynchronization)
    [Anonymous Symbol]                       0x080116c0   Section        0  stm32f4xx_hal_tim.o(.text.HAL_TIM_Base_Init)
    [Anonymous Symbol]                       0x080116f8   Section        0  stm32f4xx_hal_msp.o(.text.HAL_TIM_Base_MspInit)
    [Anonymous Symbol]                       0x080117fc   Section        0  stm32f4xx_hal_tim.o(.text.HAL_TIM_Base_Start_IT)
    [Anonymous Symbol]                       0x0801181c   Section        0  stm32f4xx_hal_tim.o(.text.HAL_TIM_ConfigClockSource)
    [Anonymous Symbol]                       0x080118ec   Section        0  stm32f4xx_hal_tim.o(.text.HAL_TIM_Encoder_Init)
    [Anonymous Symbol]                       0x0801198c   Section        0  stm32f4xx_hal_msp.o(.text.HAL_TIM_Encoder_MspInit)
    [Anonymous Symbol]                       0x08011a08   Section        0  stm32f4xx_hal_tim.o(.text.HAL_TIM_Encoder_Start_IT)
    [Anonymous Symbol]                       0x08011a6c   Section        0  stm32f4xx_hal_tim.o(.text.HAL_TIM_GenerateEvent)
    [Anonymous Symbol]                       0x08011a90   Section        0  stm32f4xx_hal_tim.o(.text.HAL_TIM_IC_CaptureCallback)
    [Anonymous Symbol]                       0x08011a94   Section        0  stm32f4xx_hal_tim.o(.text.HAL_TIM_IRQHandler)
    [Anonymous Symbol]                       0x08011c00   Section        0  stm32f4xx_hal_msp.o(.text.HAL_TIM_MspPostInit)
    [Anonymous Symbol]                       0x08011c5c   Section        0  stm32f4xx_hal_tim.o(.text.HAL_TIM_OC_ConfigChannel)
    [Anonymous Symbol]                       0x08011cb4   Section        0  stm32f4xx_hal_tim.o(.text.HAL_TIM_OC_DelayElapsedCallback)
    [Anonymous Symbol]                       0x08011cb8   Section        0  stm32f4xx_hal_tim.o(.text.HAL_TIM_OC_Init)
    [Anonymous Symbol]                       0x08011cf0   Section        0  stm32f4xx_hal_tim.o(.text.HAL_TIM_OC_MspInit)
    [Anonymous Symbol]                       0x08011cf4   Section        0  stm32f4xx_hal_tim.o(.text.HAL_TIM_PWM_ConfigChannel)
    [Anonymous Symbol]                       0x08011d94   Section        0  stm32f4xx_hal_tim.o(.text.HAL_TIM_PWM_Init)
    [Anonymous Symbol]                       0x08011dcc   Section        0  stm32f4xx_hal_tim.o(.text.HAL_TIM_PWM_MspInit)
    [Anonymous Symbol]                       0x08011dd0   Section        0  stm32f4xx_hal_tim.o(.text.HAL_TIM_PWM_PulseFinishedCallback)
    [Anonymous Symbol]                       0x08011dd4   Section        0  stm32f4xx_hal_tim.o(.text.HAL_TIM_PWM_Start)
    [Anonymous Symbol]                       0x08011e10   Section        0  xusiming_tim.o(.text.HAL_TIM_PeriodElapsedCallback)
    [Anonymous Symbol]                       0x08011e18   Section        0  stm32f4xx_hal_tim.o(.text.HAL_TIM_TriggerCallback)
    [Anonymous Symbol]                       0x08011e1c   Section        0  stm32f4xx_hal_uart.o(.text.HAL_UART_ErrorCallback)
    [Anonymous Symbol]                       0x08011e20   Section        0  stm32f4xx_hal_uart.o(.text.HAL_UART_IRQHandler)
    [Anonymous Symbol]                       0x08011f30   Section        0  stm32f4xx_hal_uart.o(.text.HAL_UART_Init)
    [Anonymous Symbol]                       0x08011f90   Section        0  stm32f4xx_hal_msp.o(.text.HAL_UART_MspInit)
    [Anonymous Symbol]                       0x080120b4   Section        0  stm32f4xx_hal_uart.o(.text.HAL_UART_RxCpltCallback)
    [Anonymous Symbol]                       0x080120b8   Section        0  stm32f4xx_hal_uart.o(.text.HAL_UART_Transmit_IT)
    [Anonymous Symbol]                       0x080120fc   Section        0  xusiming_usart.o(.text.HAL_UART_TxCpltCallback)
    [Anonymous Symbol]                       0x08012178   Section        0  stm32f4xx_it.o(.text.HardFault_Handler)
    MX_CAN1_Init                             0x0801217d   Thumb Code    52  main.o(.text.MX_CAN1_Init)
    [Anonymous Symbol]                       0x0801217c   Section        0  main.o(.text.MX_CAN1_Init)
    MX_GPIO_Init                             0x080121b1   Thumb Code   232  main.o(.text.MX_GPIO_Init)
    [Anonymous Symbol]                       0x080121b0   Section        0  main.o(.text.MX_GPIO_Init)
    MX_TIM1_Init                             0x08012299   Thumb Code   178  main.o(.text.MX_TIM1_Init)
    [Anonymous Symbol]                       0x08012298   Section        0  main.o(.text.MX_TIM1_Init)
    MX_TIM2_Init                             0x0801234d   Thumb Code    92  main.o(.text.MX_TIM2_Init)
    [Anonymous Symbol]                       0x0801234c   Section        0  main.o(.text.MX_TIM2_Init)
    MX_TIM3_Init                             0x080123a9   Thumb Code   120  main.o(.text.MX_TIM3_Init)
    [Anonymous Symbol]                       0x080123a8   Section        0  main.o(.text.MX_TIM3_Init)
    MX_TIM5_Init                             0x08012421   Thumb Code   120  main.o(.text.MX_TIM5_Init)
    [Anonymous Symbol]                       0x08012420   Section        0  main.o(.text.MX_TIM5_Init)
    MX_TIM6_Init                             0x08012499   Thumb Code    58  main.o(.text.MX_TIM6_Init)
    [Anonymous Symbol]                       0x08012498   Section        0  main.o(.text.MX_TIM6_Init)
    MX_USART1_UART_Init                      0x080124d5   Thumb Code    48  main.o(.text.MX_USART1_UART_Init)
    [Anonymous Symbol]                       0x080124d4   Section        0  main.o(.text.MX_USART1_UART_Init)
    MX_USART2_UART_Init                      0x08012505   Thumb Code    48  main.o(.text.MX_USART2_UART_Init)
    [Anonymous Symbol]                       0x08012504   Section        0  main.o(.text.MX_USART2_UART_Init)
    [Anonymous Symbol]                       0x08012534   Section        0  stm32f4xx_it.o(.text.MemManage_Handler)
    [Anonymous Symbol]                       0x08012538   Section        0  stm32f4xx_it.o(.text.NMI_Handler)
    NVIC_EncodePriority                      0x0801253d   Thumb Code    44  stm32f4xx_hal_cortex.o(.text.NVIC_EncodePriority)
    [Anonymous Symbol]                       0x0801253c   Section        0  stm32f4xx_hal_cortex.o(.text.NVIC_EncodePriority)
    [Anonymous Symbol]                       0x08012568   Section        0  stm32f4xx_it.o(.text.PendSV_Handler)
    [Anonymous Symbol]                       0x0801256c   Section        0  stm32f4xx_it.o(.text.SVC_Handler)
    SysTick_Config                           0x08012571   Thumb Code    40  main.o(.text.SysTick_Config)
    [Anonymous Symbol]                       0x08012570   Section        0  main.o(.text.SysTick_Config)
    SysTick_Config                           0x08012599   Thumb Code    46  stm32f4xx_hal_cortex.o(.text.SysTick_Config)
    [Anonymous Symbol]                       0x08012598   Section        0  stm32f4xx_hal_cortex.o(.text.SysTick_Config)
    [Anonymous Symbol]                       0x080125c8   Section        0  stm32f4xx_it.o(.text.SysTick_Handler)
    [Anonymous Symbol]                       0x080125e4   Section        0  main.o(.text.SystemClock_Config)
    [Anonymous Symbol]                       0x0801267c   Section        0  system_stm32f4xx.o(.text.SystemInit)
    [Anonymous Symbol]                       0x08012698   Section        0  stm32f4xx_it.o(.text.TIM1_BRK_TIM9_IRQHandler)
    [Anonymous Symbol]                       0x080126a8   Section        0  stm32f4xx_it.o(.text.TIM1_CC_IRQHandler)
    [Anonymous Symbol]                       0x080126b8   Section        0  stm32f4xx_it.o(.text.TIM1_TRG_COM_TIM11_IRQHandler)
    [Anonymous Symbol]                       0x080126c8   Section        0  stm32f4xx_it.o(.text.TIM1_UP_TIM10_IRQHandler)
    [Anonymous Symbol]                       0x080126d8   Section        0  stm32f4xx_it.o(.text.TIM2_IRQHandler)
    [Anonymous Symbol]                       0x080126e8   Section        0  stm32f4xx_it.o(.text.TIM3_IRQHandler)
    [Anonymous Symbol]                       0x080126f8   Section        0  xusiming_tim.o(.text.TIM3_ItUpFcn)
    [Anonymous Symbol]                       0x08012784   Section        0  stm32f4xx_it.o(.text.TIM5_IRQHandler)
    [Anonymous Symbol]                       0x08012794   Section        0  stm32f4xx_it.o(.text.TIM6_DAC_IRQHandler)
    [Anonymous Symbol]                       0x080127a4   Section        0  xusiming_tim.o(.text.TIM6_ItUpFcn)
    [Anonymous Symbol]                       0x080128e8   Section        0  stm32f4xx_hal_tim.o(.text.TIM_Base_SetConfig)
    [Anonymous Symbol]                       0x08012a0c   Section        0  stm32f4xx_hal_tim.o(.text.TIM_CCxChannelCmd)
    [Anonymous Symbol]                       0x08012a30   Section        0  stm32f4xx_hal_tim.o(.text.TIM_ETR_SetConfig)
    TIM_ITRx_SetConfig                       0x08012a49   Thumb Code    16  stm32f4xx_hal_tim.o(.text.TIM_ITRx_SetConfig)
    [Anonymous Symbol]                       0x08012a48   Section        0  stm32f4xx_hal_tim.o(.text.TIM_ITRx_SetConfig)
    TIM_OC1_SetConfig                        0x08012a59   Thumb Code   100  stm32f4xx_hal_tim.o(.text.TIM_OC1_SetConfig)
    [Anonymous Symbol]                       0x08012a58   Section        0  stm32f4xx_hal_tim.o(.text.TIM_OC1_SetConfig)
    [Anonymous Symbol]                       0x08012abc   Section        0  stm32f4xx_hal_tim.o(.text.TIM_OC2_SetConfig)
    TIM_OC3_SetConfig                        0x08012b29   Thumb Code   104  stm32f4xx_hal_tim.o(.text.TIM_OC3_SetConfig)
    [Anonymous Symbol]                       0x08012b28   Section        0  stm32f4xx_hal_tim.o(.text.TIM_OC3_SetConfig)
    TIM_OC4_SetConfig                        0x08012b91   Thumb Code    78  stm32f4xx_hal_tim.o(.text.TIM_OC4_SetConfig)
    [Anonymous Symbol]                       0x08012b90   Section        0  stm32f4xx_hal_tim.o(.text.TIM_OC4_SetConfig)
    [Anonymous Symbol]                       0x08012be0   Section        0  xusiming_tim.o(.text.TIM_PeriodElapsedCustomCallback)
    TIM_TI1_ConfigInputStage                 0x08012c29   Thumb Code    34  stm32f4xx_hal_tim.o(.text.TIM_TI1_ConfigInputStage)
    [Anonymous Symbol]                       0x08012c28   Section        0  stm32f4xx_hal_tim.o(.text.TIM_TI1_ConfigInputStage)
    TIM_TI2_ConfigInputStage                 0x08012c4d   Thumb Code    36  stm32f4xx_hal_tim.o(.text.TIM_TI2_ConfigInputStage)
    [Anonymous Symbol]                       0x08012c4c   Section        0  stm32f4xx_hal_tim.o(.text.TIM_TI2_ConfigInputStage)
    [Anonymous Symbol]                       0x08012c70   Section        0  xusiming_usart.o(.text.TX_CopyData)
    UART_DMAAbortOnError                     0x08012ced   Thumb Code    16  stm32f4xx_hal_uart.o(.text.UART_DMAAbortOnError)
    [Anonymous Symbol]                       0x08012cec   Section        0  stm32f4xx_hal_uart.o(.text.UART_DMAAbortOnError)
    UART_EndRxTransfer                       0x08012cfd   Thumb Code    26  stm32f4xx_hal_uart.o(.text.UART_EndRxTransfer)
    [Anonymous Symbol]                       0x08012cfc   Section        0  stm32f4xx_hal_uart.o(.text.UART_EndRxTransfer)
    UART_EndTransmit_IT                      0x08012d19   Thumb Code    24  stm32f4xx_hal_uart.o(.text.UART_EndTransmit_IT)
    [Anonymous Symbol]                       0x08012d18   Section        0  stm32f4xx_hal_uart.o(.text.UART_EndTransmit_IT)
    UART_Receive_IT                          0x08012d31   Thumb Code   126  stm32f4xx_hal_uart.o(.text.UART_Receive_IT)
    [Anonymous Symbol]                       0x08012d30   Section        0  stm32f4xx_hal_uart.o(.text.UART_Receive_IT)
    UART_SetConfig                           0x08012db1   Thumb Code   364  stm32f4xx_hal_uart.o(.text.UART_SetConfig)
    [Anonymous Symbol]                       0x08012db0   Section        0  stm32f4xx_hal_uart.o(.text.UART_SetConfig)
    UART_Transmit_IT                         0x08012f1d   Thumb Code    90  stm32f4xx_hal_uart.o(.text.UART_Transmit_IT)
    [Anonymous Symbol]                       0x08012f1c   Section        0  stm32f4xx_hal_uart.o(.text.UART_Transmit_IT)
    [Anonymous Symbol]                       0x08012f78   Section        0  stm32f4xx_it.o(.text.USART1_IRQHandler)
    [Anonymous Symbol]                       0x08012f88   Section        0  stm32f4xx_it.o(.text.USART2_IRQHandler)
    [Anonymous Symbol]                       0x08012f98   Section        0  xusiming_usart.o(.text.USART2_TX_SendData)
    [Anonymous Symbol]                       0x08012fe0   Section        0  xusiming_usart.o(.text.USART2_Tx_Initialization)
    [Anonymous Symbol]                       0x08013058   Section        0  stm32f4xx_it.o(.text.UsageFault_Handler)
    __NVIC_EnableIRQ                         0x0801305d   Thumb Code    32  stm32f4xx_hal_cortex.o(.text.__NVIC_EnableIRQ)
    [Anonymous Symbol]                       0x0801305c   Section        0  stm32f4xx_hal_cortex.o(.text.__NVIC_EnableIRQ)
    __NVIC_GetPriorityGrouping               0x0801307d   Thumb Code    16  stm32f4xx_hal_cortex.o(.text.__NVIC_GetPriorityGrouping)
    [Anonymous Symbol]                       0x0801307c   Section        0  stm32f4xx_hal_cortex.o(.text.__NVIC_GetPriorityGrouping)
    __NVIC_SetPriority                       0x0801308d   Thumb Code    14  main.o(.text.__NVIC_SetPriority)
    [Anonymous Symbol]                       0x0801308c   Section        0  main.o(.text.__NVIC_SetPriority)
    __NVIC_SetPriority                       0x0801309d   Thumb Code    34  stm32f4xx_hal_cortex.o(.text.__NVIC_SetPriority)
    [Anonymous Symbol]                       0x0801309c   Section        0  stm32f4xx_hal_cortex.o(.text.__NVIC_SetPriority)
    __NVIC_SetPriorityGrouping               0x080130c1   Thumb Code    32  stm32f4xx_hal_cortex.o(.text.__NVIC_SetPriorityGrouping)
    [Anonymous Symbol]                       0x080130c0   Section        0  stm32f4xx_hal_cortex.o(.text.__NVIC_SetPriorityGrouping)
    [Anonymous Symbol]                       0x080130e0   Section        0  getbuffptr.o(.text.getBuffPtr)
    [Anonymous Symbol]                       0x080130e8   Section        0  main.o(.text.main)
    [Anonymous Symbol]                       0x08013200   Section        0  rt_zcfcn.o(.text.rt_ZCFcn)
    rt_ZCFcn.eventMatrix                     0x080132b8   Number         0  rt_zcfcn.o(.text.rt_ZCFcn)
    [Anonymous Symbol]                       0x080132d4   Section        0  xusiming.o(.text.xusiming_ASYNC5)
    [Anonymous Symbol]                       0x080132dc   Section        0  xusiming.o(.text.xusiming_Subsystem5)
    [Anonymous Symbol]                       0x08013360   Section        0  xusiming.o(.text.xusiming_initialize)
    [Anonymous Symbol]                       0x08013674   Section        0  xusiming.o(.text.xusiming_step)
    i.__scatterload_copy                     0x080136ec   Section       14  handlers.o(i.__scatterload_copy)
    i.__scatterload_null                     0x080136fa   Section        2  handlers.o(i.__scatterload_null)
    i.__scatterload_zeroinit                 0x080136fc   Section       14  handlers.o(i.__scatterload_zeroinit)
    autoReloadTimerLoopVal_S                 0x20000004   Data           4  main.o(.data.autoReloadTimerLoopVal_S)
    [Anonymous Symbol]                       0x20000004   Section        0  main.o(.data.autoReloadTimerLoopVal_S)
    OverrunFlags.0                           0x2000005c   Data           1  main.o(.bss.OverrunFlags.0)
    [Anonymous Symbol]                       0x2000005c   Section        0  main.o(.bss.OverrunFlags.0)
    USART2_TxDataBuffer                      0x200002dc   Data         256  xusiming_usart.o(.bss.USART2_TxDataBuffer)
    [Anonymous Symbol]                       0x200002dc   Section        0  xusiming_usart.o(.bss.USART2_TxDataBuffer)
    xusiming_M_                              0x20000618   Data          12  xusiming.o(.bss.xusiming_M_)
    [Anonymous Symbol]                       0x20000618   Section        0  xusiming.o(.bss.xusiming_M_)
    STACK                                    0x20000628   Section     1024  startup_stm32f407xx.o(STACK)

    Global Symbols

    Symbol Name                              Value     Ov Type        Size  Object(Section)

    BuildAttributes$$THM_ISAv4$E$P$D$K$B$S$7EM$VFPi3$EXTD16$VFPS$VFMA$PE$A:L22UL41UL21$X:L11$S22US41US21$IEEE1$IW$~IW$USESV6$~STKCKD$USESV7$~SHL$OTIME$ROPI$EBA8$MICROLIB$REQ8$PRES8$EABIv2 0x00000000   Number         0  anon$$obj.o ABSOLUTE
    __cpp_initialize__aeabi_                  - Undefined Weak Reference
    __cxa_finalize                            - Undefined Weak Reference
    __decompress                              - Undefined Weak Reference
    _clock_init                               - Undefined Weak Reference
    _microlib_exit                            - Undefined Weak Reference
    __Vectors_Size                           0x00000188   Number         0  startup_stm32f407xx.o ABSOLUTE
    __Vectors                                0x08010000   Data           4  startup_stm32f407xx.o(RESET)
    __Vectors_End                            0x08010188   Data           0  startup_stm32f407xx.o(RESET)
    __main                                   0x08010189   Thumb Code     0  entry.o(.ARM.Collect$$$$00000000)
    _main_stk                                0x08010189   Thumb Code     0  entry2.o(.ARM.Collect$$$$00000001)
    _main_scatterload                        0x0801018d   Thumb Code     0  entry5.o(.ARM.Collect$$$$00000004)
    __main_after_scatterload                 0x08010191   Thumb Code     0  entry5.o(.ARM.Collect$$$$00000004)
    _main_clock                              0x08010191   Thumb Code     0  entry7b.o(.ARM.Collect$$$$00000008)
    _main_cpp_init                           0x08010191   Thumb Code     0  entry8b.o(.ARM.Collect$$$$0000000A)
    _main_init                               0x08010191   Thumb Code     0  entry9a.o(.ARM.Collect$$$$0000000B)
    __rt_final_cpp                           0x08010199   Thumb Code     0  entry10a.o(.ARM.Collect$$$$0000000D)
    __rt_final_exit                          0x08010199   Thumb Code     0  entry11a.o(.ARM.Collect$$$$0000000F)
    Reset_Handler                            0x0801019d   Thumb Code     8  startup_stm32f407xx.o(.text)
    ADC_IRQHandler                           0x080101b7   Thumb Code     0  startup_stm32f407xx.o(.text)
    CAN1_SCE_IRQHandler                      0x080101b7   Thumb Code     0  startup_stm32f407xx.o(.text)
    CAN2_RX0_IRQHandler                      0x080101b7   Thumb Code     0  startup_stm32f407xx.o(.text)
    CAN2_RX1_IRQHandler                      0x080101b7   Thumb Code     0  startup_stm32f407xx.o(.text)
    CAN2_SCE_IRQHandler                      0x080101b7   Thumb Code     0  startup_stm32f407xx.o(.text)
    CAN2_TX_IRQHandler                       0x080101b7   Thumb Code     0  startup_stm32f407xx.o(.text)
    DCMI_IRQHandler                          0x080101b7   Thumb Code     0  startup_stm32f407xx.o(.text)
    DMA1_Stream0_IRQHandler                  0x080101b7   Thumb Code     0  startup_stm32f407xx.o(.text)
    DMA1_Stream1_IRQHandler                  0x080101b7   Thumb Code     0  startup_stm32f407xx.o(.text)
    DMA1_Stream2_IRQHandler                  0x080101b7   Thumb Code     0  startup_stm32f407xx.o(.text)
    DMA1_Stream3_IRQHandler                  0x080101b7   Thumb Code     0  startup_stm32f407xx.o(.text)
    DMA1_Stream4_IRQHandler                  0x080101b7   Thumb Code     0  startup_stm32f407xx.o(.text)
    DMA1_Stream5_IRQHandler                  0x080101b7   Thumb Code     0  startup_stm32f407xx.o(.text)
    DMA1_Stream6_IRQHandler                  0x080101b7   Thumb Code     0  startup_stm32f407xx.o(.text)
    DMA1_Stream7_IRQHandler                  0x080101b7   Thumb Code     0  startup_stm32f407xx.o(.text)
    DMA2_Stream0_IRQHandler                  0x080101b7   Thumb Code     0  startup_stm32f407xx.o(.text)
    DMA2_Stream1_IRQHandler                  0x080101b7   Thumb Code     0  startup_stm32f407xx.o(.text)
    DMA2_Stream2_IRQHandler                  0x080101b7   Thumb Code     0  startup_stm32f407xx.o(.text)
    DMA2_Stream3_IRQHandler                  0x080101b7   Thumb Code     0  startup_stm32f407xx.o(.text)
    DMA2_Stream4_IRQHandler                  0x080101b7   Thumb Code     0  startup_stm32f407xx.o(.text)
    DMA2_Stream5_IRQHandler                  0x080101b7   Thumb Code     0  startup_stm32f407xx.o(.text)
    DMA2_Stream6_IRQHandler                  0x080101b7   Thumb Code     0  startup_stm32f407xx.o(.text)
    DMA2_Stream7_IRQHandler                  0x080101b7   Thumb Code     0  startup_stm32f407xx.o(.text)
    ETH_IRQHandler                           0x080101b7   Thumb Code     0  startup_stm32f407xx.o(.text)
    ETH_WKUP_IRQHandler                      0x080101b7   Thumb Code     0  startup_stm32f407xx.o(.text)
    EXTI0_IRQHandler                         0x080101b7   Thumb Code     0  startup_stm32f407xx.o(.text)
    EXTI15_10_IRQHandler                     0x080101b7   Thumb Code     0  startup_stm32f407xx.o(.text)
    EXTI1_IRQHandler                         0x080101b7   Thumb Code     0  startup_stm32f407xx.o(.text)
    EXTI2_IRQHandler                         0x080101b7   Thumb Code     0  startup_stm32f407xx.o(.text)
    EXTI3_IRQHandler                         0x080101b7   Thumb Code     0  startup_stm32f407xx.o(.text)
    EXTI4_IRQHandler                         0x080101b7   Thumb Code     0  startup_stm32f407xx.o(.text)
    EXTI9_5_IRQHandler                       0x080101b7   Thumb Code     0  startup_stm32f407xx.o(.text)
    FLASH_IRQHandler                         0x080101b7   Thumb Code     0  startup_stm32f407xx.o(.text)
    FMC_IRQHandler                           0x080101b7   Thumb Code     0  startup_stm32f407xx.o(.text)
    FPU_IRQHandler                           0x080101b7   Thumb Code     0  startup_stm32f407xx.o(.text)
    HASH_RNG_IRQHandler                      0x080101b7   Thumb Code     0  startup_stm32f407xx.o(.text)
    I2C1_ER_IRQHandler                       0x080101b7   Thumb Code     0  startup_stm32f407xx.o(.text)
    I2C1_EV_IRQHandler                       0x080101b7   Thumb Code     0  startup_stm32f407xx.o(.text)
    I2C2_ER_IRQHandler                       0x080101b7   Thumb Code     0  startup_stm32f407xx.o(.text)
    I2C2_EV_IRQHandler                       0x080101b7   Thumb Code     0  startup_stm32f407xx.o(.text)
    I2C3_ER_IRQHandler                       0x080101b7   Thumb Code     0  startup_stm32f407xx.o(.text)
    I2C3_EV_IRQHandler                       0x080101b7   Thumb Code     0  startup_stm32f407xx.o(.text)
    OTG_FS_IRQHandler                        0x080101b7   Thumb Code     0  startup_stm32f407xx.o(.text)
    OTG_FS_WKUP_IRQHandler                   0x080101b7   Thumb Code     0  startup_stm32f407xx.o(.text)
    OTG_HS_EP1_IN_IRQHandler                 0x080101b7   Thumb Code     0  startup_stm32f407xx.o(.text)
    OTG_HS_EP1_OUT_IRQHandler                0x080101b7   Thumb Code     0  startup_stm32f407xx.o(.text)
    OTG_HS_IRQHandler                        0x080101b7   Thumb Code     0  startup_stm32f407xx.o(.text)
    OTG_HS_WKUP_IRQHandler                   0x080101b7   Thumb Code     0  startup_stm32f407xx.o(.text)
    PVD_IRQHandler                           0x080101b7   Thumb Code     0  startup_stm32f407xx.o(.text)
    RCC_IRQHandler                           0x080101b7   Thumb Code     0  startup_stm32f407xx.o(.text)
    RTC_Alarm_IRQHandler                     0x080101b7   Thumb Code     0  startup_stm32f407xx.o(.text)
    RTC_WKUP_IRQHandler                      0x080101b7   Thumb Code     0  startup_stm32f407xx.o(.text)
    SDIO_IRQHandler                          0x080101b7   Thumb Code     0  startup_stm32f407xx.o(.text)
    SPI1_IRQHandler                          0x080101b7   Thumb Code     0  startup_stm32f407xx.o(.text)
    SPI2_IRQHandler                          0x080101b7   Thumb Code     0  startup_stm32f407xx.o(.text)
    SPI3_IRQHandler                          0x080101b7   Thumb Code     0  startup_stm32f407xx.o(.text)
    TAMP_STAMP_IRQHandler                    0x080101b7   Thumb Code     0  startup_stm32f407xx.o(.text)
    TIM4_IRQHandler                          0x080101b7   Thumb Code     0  startup_stm32f407xx.o(.text)
    TIM7_IRQHandler                          0x080101b7   Thumb Code     0  startup_stm32f407xx.o(.text)
    TIM8_BRK_TIM12_IRQHandler                0x080101b7   Thumb Code     0  startup_stm32f407xx.o(.text)
    TIM8_CC_IRQHandler                       0x080101b7   Thumb Code     0  startup_stm32f407xx.o(.text)
    TIM8_TRG_COM_TIM14_IRQHandler            0x080101b7   Thumb Code     0  startup_stm32f407xx.o(.text)
    TIM8_UP_TIM13_IRQHandler                 0x080101b7   Thumb Code     0  startup_stm32f407xx.o(.text)
    UART4_IRQHandler                         0x080101b7   Thumb Code     0  startup_stm32f407xx.o(.text)
    UART5_IRQHandler                         0x080101b7   Thumb Code     0  startup_stm32f407xx.o(.text)
    USART3_IRQHandler                        0x080101b7   Thumb Code     0  startup_stm32f407xx.o(.text)
    USART6_IRQHandler                        0x080101b7   Thumb Code     0  startup_stm32f407xx.o(.text)
    WWDG_IRQHandler                          0x080101b7   Thumb Code     0  startup_stm32f407xx.o(.text)
    __aeabi_uldivmod                         0x080101c1   Thumb Code    98  uldiv.o(.text)
    __aeabi_memcpy                           0x08010223   Thumb Code    36  memcpya.o(.text)
    __aeabi_memcpy4                          0x08010223   Thumb Code     0  memcpya.o(.text)
    __aeabi_memcpy8                          0x08010223   Thumb Code     0  memcpya.o(.text)
    __aeabi_memset                           0x08010247   Thumb Code    14  memseta.o(.text)
    __aeabi_memset4                          0x08010247   Thumb Code     0  memseta.o(.text)
    __aeabi_memset8                          0x08010247   Thumb Code     0  memseta.o(.text)
    __aeabi_memclr                           0x08010255   Thumb Code     4  memseta.o(.text)
    __aeabi_memclr4                          0x08010255   Thumb Code     0  memseta.o(.text)
    __aeabi_memclr8                          0x08010255   Thumb Code     0  memseta.o(.text)
    _memset$wrapper                          0x08010259   Thumb Code    18  memseta.o(.text)
    __aeabi_ddiv                             0x0801026b   Thumb Code   222  ddiv.o(.text)
    __aeabi_dcmplt                           0x08010349   Thumb Code    54  dcmplt.o(.text)
    __aeabi_dcmpgt                           0x0801037f   Thumb Code    54  dcmpgt.o(.text)
    __aeabi_ui2d                             0x080103b5   Thumb Code    26  dfltui.o(.text)
    __aeabi_d2uiz                            0x080103cf   Thumb Code    50  dfixui.o(.text)
    __aeabi_llsl                             0x08010401   Thumb Code    30  llshl.o(.text)
    _ll_shift_l                              0x08010401   Thumb Code     0  llshl.o(.text)
    __aeabi_llsr                             0x0801041f   Thumb Code    32  llushr.o(.text)
    _ll_ushift_r                             0x0801041f   Thumb Code     0  llushr.o(.text)
    __I$use$fp                               0x0801043f   Thumb Code     0  iusefp.o(.text)
    _double_round                            0x0801043f   Thumb Code    30  depilogue.o(.text)
    _double_epilogue                         0x0801045d   Thumb Code   156  depilogue.o(.text)
    __scatterload                            0x080104f9   Thumb Code    28  init.o(.text)
    __scatterload_rt2                        0x080104f9   Thumb Code     0  init.o(.text)
    BusFault_Handler                         0x0801051d   Thumb Code     2  stm32f4xx_it.o(.text.BusFault_Handler)
    CAN1_RX0_IRQHandler                      0x08010521   Thumb Code    16  stm32f4xx_it.o(.text.CAN1_RX0_IRQHandler)
    CAN1_RX1_IRQHandler                      0x08010531   Thumb Code    16  stm32f4xx_it.o(.text.CAN1_RX1_IRQHandler)
    CAN1_Rx_ItFcn                            0x08010541   Thumb Code    10  xusiming_can.o(.text.CAN1_Rx_ItFcn)
    CAN1_TX_IRQHandler                       0x0801054d   Thumb Code    16  stm32f4xx_it.o(.text.CAN1_TX_IRQHandler)
    CAN1_Tx_ItFcn                            0x0801055d   Thumb Code    10  xusiming_can.o(.text.CAN1_Tx_ItFcn)
    DebugMon_Handler                         0x08010569   Thumb Code     2  stm32f4xx_it.o(.text.DebugMon_Handler)
    Error_Handler                            0x0801056d   Thumb Code     2  main.o(.text.Error_Handler)
    HAL_CAN_ActivateNotification             0x08010571   Thumb Code    38  stm32f4xx_hal_can.o(.text.HAL_CAN_ActivateNotification)
    HAL_CAN_AddTxMessage                     0x08010599   Thumb Code   164  stm32f4xx_hal_can.o(.text.HAL_CAN_AddTxMessage)
    HAL_CAN_ConfigFilter                     0x0801063d   Thumb Code   222  stm32f4xx_hal_can.o(.text.HAL_CAN_ConfigFilter)
    HAL_CAN_ErrorCallback                    0x0801071d   Thumb Code    24  xusiming_can.o(.text.HAL_CAN_ErrorCallback)
    HAL_CAN_GetRxFifoFillLevel               0x08010735   Thumb Code    32  stm32f4xx_hal_can.o(.text.HAL_CAN_GetRxFifoFillLevel)
    HAL_CAN_GetRxMessage                     0x08010755   Thumb Code   284  stm32f4xx_hal_can.o(.text.HAL_CAN_GetRxMessage)
    HAL_CAN_IRQHandler                       0x08010871   Thumb Code   570  stm32f4xx_hal_can.o(.text.HAL_CAN_IRQHandler)
    HAL_CAN_Init                             0x08010aad   Thumb Code   244  stm32f4xx_hal_can.o(.text.HAL_CAN_Init)
    HAL_CAN_MspInit                          0x08010ba1   Thumb Code   164  stm32f4xx_hal_msp.o(.text.HAL_CAN_MspInit)
    HAL_CAN_RxFifo0FullCallback              0x08010c45   Thumb Code    24  xusiming_can.o(.text.HAL_CAN_RxFifo0FullCallback)
    HAL_CAN_RxFifo0MsgPendingCallback        0x08010c5d   Thumb Code    24  xusiming_can.o(.text.HAL_CAN_RxFifo0MsgPendingCallback)
    HAL_CAN_RxFifo1FullCallback              0x08010c75   Thumb Code    24  xusiming_can.o(.text.HAL_CAN_RxFifo1FullCallback)
    HAL_CAN_RxFifo1MsgPendingCallback        0x08010c8d   Thumb Code    24  xusiming_can.o(.text.HAL_CAN_RxFifo1MsgPendingCallback)
    HAL_CAN_SleepCallback                    0x08010ca5   Thumb Code     2  xusiming_can.o(.text.HAL_CAN_SleepCallback)
    HAL_CAN_Start                            0x08010ca9   Thumb Code    90  stm32f4xx_hal_can.o(.text.HAL_CAN_Start)
    HAL_CAN_TxMailbox0AbortCallback          0x08010d05   Thumb Code     2  xusiming_can.o(.text.HAL_CAN_TxMailbox0AbortCallback)
    HAL_CAN_TxMailbox0CompleteCallback       0x08010d09   Thumb Code    24  xusiming_can.o(.text.HAL_CAN_TxMailbox0CompleteCallback)
    HAL_CAN_TxMailbox1AbortCallback          0x08010d21   Thumb Code     2  xusiming_can.o(.text.HAL_CAN_TxMailbox1AbortCallback)
    HAL_CAN_TxMailbox1CompleteCallback       0x08010d25   Thumb Code    24  xusiming_can.o(.text.HAL_CAN_TxMailbox1CompleteCallback)
    HAL_CAN_TxMailbox2AbortCallback          0x08010d3d   Thumb Code     2  xusiming_can.o(.text.HAL_CAN_TxMailbox2AbortCallback)
    HAL_CAN_TxMailbox2CompleteCallback       0x08010d41   Thumb Code    24  xusiming_can.o(.text.HAL_CAN_TxMailbox2CompleteCallback)
    HAL_CAN_WakeUpFromRxMsgCallback          0x08010d59   Thumb Code     2  xusiming_can.o(.text.HAL_CAN_WakeUpFromRxMsgCallback)
    HAL_DMA_Abort_IT                         0x08010d5d   Thumb Code    36  stm32f4xx_hal_dma.o(.text.HAL_DMA_Abort_IT)
    HAL_GPIO_Init                            0x08010d81   Thumb Code   410  stm32f4xx_hal_gpio.o(.text.HAL_GPIO_Init)
    HAL_GPIO_ReadPin                         0x08010f1d   Thumb Code    10  stm32f4xx_hal_gpio.o(.text.HAL_GPIO_ReadPin)
    HAL_GPIO_TogglePin                       0x08010f29   Thumb Code    14  stm32f4xx_hal_gpio.o(.text.HAL_GPIO_TogglePin)
    HAL_GPIO_WritePin                        0x08010f39   Thumb Code    10  stm32f4xx_hal_gpio.o(.text.HAL_GPIO_WritePin)
    HAL_GetTick                              0x08010f45   Thumb Code    12  stm32f4xx_hal.o(.text.HAL_GetTick)
    HAL_IncTick                              0x08010f51   Thumb Code    26  stm32f4xx_hal.o(.text.HAL_IncTick)
    HAL_Init                                 0x08010f6d   Thumb Code    54  stm32f4xx_hal.o(.text.HAL_Init)
    HAL_InitTick                             0x08010fa5   Thumb Code    80  stm32f4xx_hal.o(.text.HAL_InitTick)
    HAL_MspInit                              0x08010ff5   Thumb Code    56  stm32f4xx_hal_msp.o(.text.HAL_MspInit)
    HAL_NVIC_EnableIRQ                       0x0801102d   Thumb Code     8  stm32f4xx_hal_cortex.o(.text.HAL_NVIC_EnableIRQ)
    HAL_NVIC_SetPriority                     0x08011035   Thumb Code    30  stm32f4xx_hal_cortex.o(.text.HAL_NVIC_SetPriority)
    HAL_NVIC_SetPriorityGrouping             0x08011055   Thumb Code     8  stm32f4xx_hal_cortex.o(.text.HAL_NVIC_SetPriorityGrouping)
    HAL_RCC_ClockConfig                      0x0801105d   Thumb Code   352  stm32f4xx_hal_rcc.o(.text.HAL_RCC_ClockConfig)
    HAL_RCC_GetHCLKFreq                      0x080111bd   Thumb Code    12  stm32f4xx_hal_rcc.o(.text.HAL_RCC_GetHCLKFreq)
    HAL_RCC_GetPCLK1Freq                     0x080111c9   Thumb Code    34  stm32f4xx_hal_rcc.o(.text.HAL_RCC_GetPCLK1Freq)
    HAL_RCC_GetPCLK2Freq                     0x080111ed   Thumb Code    34  stm32f4xx_hal_rcc.o(.text.HAL_RCC_GetPCLK2Freq)
    HAL_RCC_GetSysClockFreq                  0x08011211   Thumb Code   104  stm32f4xx_hal_rcc.o(.text.HAL_RCC_GetSysClockFreq)
    HAL_RCC_OscConfig                        0x08011279   Thumb Code   820  stm32f4xx_hal_rcc.o(.text.HAL_RCC_OscConfig)
    HAL_SYSTICK_Config                       0x080115ad   Thumb Code     8  stm32f4xx_hal_cortex.o(.text.HAL_SYSTICK_Config)
    HAL_TIMEx_BreakCallback                  0x080115b5   Thumb Code     2  stm32f4xx_hal_tim_ex.o(.text.HAL_TIMEx_BreakCallback)
    HAL_TIMEx_CommutCallback                 0x080115b9   Thumb Code     2  stm32f4xx_hal_tim_ex.o(.text.HAL_TIMEx_CommutCallback)
    HAL_TIMEx_ConfigBreakDeadTime            0x080115bd   Thumb Code    76  stm32f4xx_hal_tim_ex.o(.text.HAL_TIMEx_ConfigBreakDeadTime)
    HAL_TIMEx_MasterConfigSynchronization    0x08011609   Thumb Code   184  stm32f4xx_hal_tim_ex.o(.text.HAL_TIMEx_MasterConfigSynchronization)
    HAL_TIM_Base_Init                        0x080116c1   Thumb Code    54  stm32f4xx_hal_tim.o(.text.HAL_TIM_Base_Init)
    HAL_TIM_Base_MspInit                     0x080116f9   Thumb Code   258  stm32f4xx_hal_msp.o(.text.HAL_TIM_Base_MspInit)
    HAL_TIM_Base_Start_IT                    0x080117fd   Thumb Code    32  stm32f4xx_hal_tim.o(.text.HAL_TIM_Base_Start_IT)
    HAL_TIM_ConfigClockSource                0x0801181d   Thumb Code   208  stm32f4xx_hal_tim.o(.text.HAL_TIM_ConfigClockSource)
    HAL_TIM_Encoder_Init                     0x080118ed   Thumb Code   158  stm32f4xx_hal_tim.o(.text.HAL_TIM_Encoder_Init)
    HAL_TIM_Encoder_MspInit                  0x0801198d   Thumb Code   124  stm32f4xx_hal_msp.o(.text.HAL_TIM_Encoder_MspInit)
    HAL_TIM_Encoder_Start_IT                 0x08011a09   Thumb Code   100  stm32f4xx_hal_tim.o(.text.HAL_TIM_Encoder_Start_IT)
    HAL_TIM_GenerateEvent                    0x08011a6d   Thumb Code    36  stm32f4xx_hal_tim.o(.text.HAL_TIM_GenerateEvent)
    HAL_TIM_IC_CaptureCallback               0x08011a91   Thumb Code     2  stm32f4xx_hal_tim.o(.text.HAL_TIM_IC_CaptureCallback)
    HAL_TIM_IRQHandler                       0x08011a95   Thumb Code   362  stm32f4xx_hal_tim.o(.text.HAL_TIM_IRQHandler)
    HAL_TIM_MspPostInit                      0x08011c01   Thumb Code    92  stm32f4xx_hal_msp.o(.text.HAL_TIM_MspPostInit)
    HAL_TIM_OC_ConfigChannel                 0x08011c5d   Thumb Code    86  stm32f4xx_hal_tim.o(.text.HAL_TIM_OC_ConfigChannel)
    HAL_TIM_OC_DelayElapsedCallback          0x08011cb5   Thumb Code     2  stm32f4xx_hal_tim.o(.text.HAL_TIM_OC_DelayElapsedCallback)
    HAL_TIM_OC_Init                          0x08011cb9   Thumb Code    54  stm32f4xx_hal_tim.o(.text.HAL_TIM_OC_Init)
    HAL_TIM_OC_MspInit                       0x08011cf1   Thumb Code     2  stm32f4xx_hal_tim.o(.text.HAL_TIM_OC_MspInit)
    HAL_TIM_PWM_ConfigChannel                0x08011cf5   Thumb Code   160  stm32f4xx_hal_tim.o(.text.HAL_TIM_PWM_ConfigChannel)
    HAL_TIM_PWM_Init                         0x08011d95   Thumb Code    54  stm32f4xx_hal_tim.o(.text.HAL_TIM_PWM_Init)
    HAL_TIM_PWM_MspInit                      0x08011dcd   Thumb Code     2  stm32f4xx_hal_tim.o(.text.HAL_TIM_PWM_MspInit)
    HAL_TIM_PWM_PulseFinishedCallback        0x08011dd1   Thumb Code     2  stm32f4xx_hal_tim.o(.text.HAL_TIM_PWM_PulseFinishedCallback)
    HAL_TIM_PWM_Start                        0x08011dd5   Thumb Code    60  stm32f4xx_hal_tim.o(.text.HAL_TIM_PWM_Start)
    HAL_TIM_PeriodElapsedCallback            0x08011e11   Thumb Code     8  xusiming_tim.o(.text.HAL_TIM_PeriodElapsedCallback)
    HAL_TIM_TriggerCallback                  0x08011e19   Thumb Code     2  stm32f4xx_hal_tim.o(.text.HAL_TIM_TriggerCallback)
    HAL_UART_ErrorCallback                   0x08011e1d   Thumb Code     2  stm32f4xx_hal_uart.o(.text.HAL_UART_ErrorCallback)
    HAL_UART_IRQHandler                      0x08011e21   Thumb Code   270  stm32f4xx_hal_uart.o(.text.HAL_UART_IRQHandler)
    HAL_UART_Init                            0x08011f31   Thumb Code    94  stm32f4xx_hal_uart.o(.text.HAL_UART_Init)
    HAL_UART_MspInit                         0x08011f91   Thumb Code   290  stm32f4xx_hal_msp.o(.text.HAL_UART_MspInit)
    HAL_UART_RxCpltCallback                  0x080120b5   Thumb Code     2  stm32f4xx_hal_uart.o(.text.HAL_UART_RxCpltCallback)
    HAL_UART_Transmit_IT                     0x080120b9   Thumb Code    68  stm32f4xx_hal_uart.o(.text.HAL_UART_Transmit_IT)
    HAL_UART_TxCpltCallback                  0x080120fd   Thumb Code   122  xusiming_usart.o(.text.HAL_UART_TxCpltCallback)
    HardFault_Handler                        0x08012179   Thumb Code     2  stm32f4xx_it.o(.text.HardFault_Handler)
    MemManage_Handler                        0x08012535   Thumb Code     2  stm32f4xx_it.o(.text.MemManage_Handler)
    NMI_Handler                              0x08012539   Thumb Code     2  stm32f4xx_it.o(.text.NMI_Handler)
    PendSV_Handler                           0x08012569   Thumb Code     2  stm32f4xx_it.o(.text.PendSV_Handler)
    SVC_Handler                              0x0801256d   Thumb Code     2  stm32f4xx_it.o(.text.SVC_Handler)
    SysTick_Handler                          0x080125c9   Thumb Code    26  stm32f4xx_it.o(.text.SysTick_Handler)
    SystemClock_Config                       0x080125e5   Thumb Code   150  main.o(.text.SystemClock_Config)
    SystemInit                               0x0801267d   Thumb Code    26  system_stm32f4xx.o(.text.SystemInit)
    TIM1_BRK_TIM9_IRQHandler                 0x08012699   Thumb Code    16  stm32f4xx_it.o(.text.TIM1_BRK_TIM9_IRQHandler)
    TIM1_CC_IRQHandler                       0x080126a9   Thumb Code    16  stm32f4xx_it.o(.text.TIM1_CC_IRQHandler)
    TIM1_TRG_COM_TIM11_IRQHandler            0x080126b9   Thumb Code    16  stm32f4xx_it.o(.text.TIM1_TRG_COM_TIM11_IRQHandler)
    TIM1_UP_TIM10_IRQHandler                 0x080126c9   Thumb Code    16  stm32f4xx_it.o(.text.TIM1_UP_TIM10_IRQHandler)
    TIM2_IRQHandler                          0x080126d9   Thumb Code    16  stm32f4xx_it.o(.text.TIM2_IRQHandler)
    TIM3_IRQHandler                          0x080126e9   Thumb Code    16  stm32f4xx_it.o(.text.TIM3_IRQHandler)
    TIM3_ItUpFcn                             0x080126f9   Thumb Code   138  xusiming_tim.o(.text.TIM3_ItUpFcn)
    TIM5_IRQHandler                          0x08012785   Thumb Code    16  stm32f4xx_it.o(.text.TIM5_IRQHandler)
    TIM6_DAC_IRQHandler                      0x08012795   Thumb Code    16  stm32f4xx_it.o(.text.TIM6_DAC_IRQHandler)
    TIM6_ItUpFcn                             0x080127a5   Thumb Code   322  xusiming_tim.o(.text.TIM6_ItUpFcn)
    TIM_Base_SetConfig                       0x080128e9   Thumb Code   292  stm32f4xx_hal_tim.o(.text.TIM_Base_SetConfig)
    TIM_CCxChannelCmd                        0x08012a0d   Thumb Code    36  stm32f4xx_hal_tim.o(.text.TIM_CCxChannelCmd)
    TIM_ETR_SetConfig                        0x08012a31   Thumb Code    22  stm32f4xx_hal_tim.o(.text.TIM_ETR_SetConfig)
    TIM_OC2_SetConfig                        0x08012abd   Thumb Code   106  stm32f4xx_hal_tim.o(.text.TIM_OC2_SetConfig)
    TIM_PeriodElapsedCustomCallback          0x08012be1   Thumb Code    72  xusiming_tim.o(.text.TIM_PeriodElapsedCustomCallback)
    TX_CopyData                              0x08012c71   Thumb Code   122  xusiming_usart.o(.text.TX_CopyData)
    USART1_IRQHandler                        0x08012f79   Thumb Code    16  stm32f4xx_it.o(.text.USART1_IRQHandler)
    USART2_IRQHandler                        0x08012f89   Thumb Code    16  stm32f4xx_it.o(.text.USART2_IRQHandler)
    USART2_TX_SendData                       0x08012f99   Thumb Code    70  xusiming_usart.o(.text.USART2_TX_SendData)
    USART2_Tx_Initialization                 0x08012fe1   Thumb Code   118  xusiming_usart.o(.text.USART2_Tx_Initialization)
    UsageFault_Handler                       0x08013059   Thumb Code     2  stm32f4xx_it.o(.text.UsageFault_Handler)
    getBuffPtr                               0x080130e1   Thumb Code     2  getbuffptr.o(.text.getBuffPtr)
    main                                     0x080130e9   Thumb Code   264  main.o(.text.main)
    rt_ZCFcn                                 0x08013201   Thumb Code   176  rt_zcfcn.o(.text.rt_ZCFcn)
    xusiming_ASYNC5                          0x080132d5   Thumb Code     8  xusiming.o(.text.xusiming_ASYNC5)
    xusiming_Subsystem5                      0x080132dd   Thumb Code   130  xusiming.o(.text.xusiming_Subsystem5)
    xusiming_initialize                      0x08013361   Thumb Code   788  xusiming.o(.text.xusiming_initialize)
    xusiming_step                            0x08013675   Thumb Code   120  xusiming.o(.text.xusiming_step)
    __scatterload_copy                       0x080136ed   Thumb Code    14  handlers.o(i.__scatterload_copy)
    __scatterload_null                       0x080136fb   Thumb Code     2  handlers.o(i.__scatterload_null)
    __scatterload_zeroinit                   0x080136fd   Thumb Code    14  handlers.o(i.__scatterload_zeroinit)
    AHBPrescTable                            0x0801370a   Data          16  system_stm32f4xx.o(.rodata.AHBPrescTable)
    APBPrescTable                            0x0801371a   Data           8  system_stm32f4xx.o(.rodata.APBPrescTable)
    xusiming_M                               0x08013724   Data           4  xusiming.o(.rodata.xusiming_M)
    Region$$Table$$Base                      0x08013728   Number         0  anon$$obj.o(Region$$Table)
    Region$$Table$$Limit                     0x08013748   Number         0  anon$$obj.o(Region$$Table)
    SystemCoreClock                          0x20000000   Data           4  system_stm32f4xx.o(.data.SystemCoreClock)
    remainAutoReloadTimerLoopVal_S           0x20000008   Data           4  main.o(.data.remainAutoReloadTimerLoopVal_S)
    uwTickFreq                               0x2000000c   Data           1  stm32f4xx_hal.o(.data.uwTickFreq)
    uwTickPrio                               0x20000010   Data           4  stm32f4xx_hal.o(.data.uwTickPrio)
    Error_ItFcn1                             0x20000018   Data           4  xusiming_can.o(.bss.Error_ItFcn1)
    G_SERIAL_TX_Conf                         0x2000001c   Data           8  xusiming_usart.o(.bss.G_SERIAL_TX_Conf)
    G_SERIAL_TX_Count                        0x20000024   Data           2  xusiming_usart.o(.bss.G_SERIAL_TX_Count)
    G_SERIAL_TX_Handler                      0x20000028   Data           8  xusiming_usart.o(.bss.G_SERIAL_TX_Handler)
    G_TIM_Conf                               0x20000030   Data          20  xusiming_tim.o(.bss.G_TIM_Conf)
    G_TIM_Count                              0x20000044   Data           2  xusiming_tim.o(.bss.G_TIM_Count)
    G_TIM_Handler                            0x20000048   Data          20  xusiming_tim.o(.bss.G_TIM_Handler)
    Rx_ItFcn1                                0x20000060   Data           4  xusiming_can.o(.bss.Rx_ItFcn1)
    TIM1_Conf                                0x20000064   Data         148  xusiming_tim.o(.bss.TIM1_Conf)
    TIM2_Conf                                0x200000f8   Data         148  xusiming_tim.o(.bss.TIM2_Conf)
    TIM3_Conf                                0x2000018c   Data         148  xusiming_tim.o(.bss.TIM3_Conf)
    TIM6_Conf                                0x20000220   Data         148  xusiming_tim.o(.bss.TIM6_Conf)
    Tx_ItFcn1                                0x200002b4   Data           4  xusiming_can.o(.bss.Tx_ItFcn1)
    USART2_TxConf                            0x200002b8   Data          36  xusiming_usart.o(.bss.USART2_TxConf)
    hcan1                                    0x200003dc   Data          40  main.o(.bss.hcan1)
    htim1                                    0x20000404   Data          64  main.o(.bss.htim1)
    htim2                                    0x20000444   Data          64  main.o(.bss.htim2)
    htim3                                    0x20000484   Data          64  main.o(.bss.htim3)
    htim5                                    0x200004c4   Data          64  main.o(.bss.htim5)
    htim6                                    0x20000504   Data          64  main.o(.bss.htim6)
    huart1                                   0x20000544   Data          64  main.o(.bss.huart1)
    huart2                                   0x20000584   Data          64  main.o(.bss.huart2)
    uwTick                                   0x200005c4   Data           4  stm32f4xx_hal.o(.bss.uwTick)
    xusiming_B                               0x200005c8   Data          56  xusiming.o(.bss.xusiming_B)
    xusiming_DW                              0x20000600   Data          24  xusiming.o(.bss.xusiming_DW)
    xusiming_PrevZCX                         0x20000624   Data           1  xusiming.o(.bss.xusiming_PrevZCX)
    __initial_sp                             0x20000a28   Data           0  startup_stm32f407xx.o(STACK)



==============================================================================

Memory Map of the image

  Image Entry point : 0x08010189

  Load Region LR_IROM1 (Base: 0x08010000, Size: 0x00003760, Max: 0x00080000, ABSOLUTE)

    Execution Region ER_IROM1 (Exec base: 0x08010000, Load base: 0x08010000, Size: 0x00003748, Max: 0x00080000, ABSOLUTE)

    Exec Addr    Load Addr    Size         Type   Attr      Idx    E Section Name        Object

    0x08010000   0x08010000   0x00000188   Data   RO            3    RESET               startup_stm32f407xx.o
    0x08010188   0x08010188   0x00000000   Code   RO         1290  * .ARM.Collect$$$$00000000  mc_w.l(entry.o)
    0x08010188   0x08010188   0x00000004   Code   RO         1313    .ARM.Collect$$$$00000001  mc_w.l(entry2.o)
    0x0801018c   0x0801018c   0x00000004   Code   RO         1316    .ARM.Collect$$$$00000004  mc_w.l(entry5.o)
    0x08010190   0x08010190   0x00000000   Code   RO         1318    .ARM.Collect$$$$00000008  mc_w.l(entry7b.o)
    0x08010190   0x08010190   0x00000000   Code   RO         1320    .ARM.Collect$$$$0000000A  mc_w.l(entry8b.o)
    0x08010190   0x08010190   0x00000008   Code   RO         1321    .ARM.Collect$$$$0000000B  mc_w.l(entry9a.o)
    0x08010198   0x08010198   0x00000000   Code   RO         1323    .ARM.Collect$$$$0000000D  mc_w.l(entry10a.o)
    0x08010198   0x08010198   0x00000000   Code   RO         1325    .ARM.Collect$$$$0000000F  mc_w.l(entry11a.o)
    0x08010198   0x08010198   0x00000004   Code   RO         1314    .ARM.Collect$$$$00002712  mc_w.l(entry2.o)
    0x0801019c   0x0801019c   0x00000024   Code   RO            4    .text               startup_stm32f407xx.o
    0x080101c0   0x080101c0   0x00000062   Code   RO         1293    .text               mc_w.l(uldiv.o)
    0x08010222   0x08010222   0x00000024   Code   RO         1295    .text               mc_w.l(memcpya.o)
    0x08010246   0x08010246   0x00000024   Code   RO         1297    .text               mc_w.l(memseta.o)
    0x0801026a   0x0801026a   0x000000de   Code   RO         1301    .text               mf_w.l(ddiv.o)
    0x08010348   0x08010348   0x00000036   Code   RO         1303    .text               mf_w.l(dcmplt.o)
    0x0801037e   0x0801037e   0x00000036   Code   RO         1305    .text               mf_w.l(dcmpgt.o)
    0x080103b4   0x080103b4   0x0000001a   Code   RO         1309    .text               mf_w.l(dfltui.o)
    0x080103ce   0x080103ce   0x00000032   Code   RO         1311    .text               mf_w.l(dfixui.o)
    0x08010400   0x08010400   0x0000001e   Code   RO         1327    .text               mc_w.l(llshl.o)
    0x0801041e   0x0801041e   0x00000020   Code   RO         1329    .text               mc_w.l(llushr.o)
    0x0801043e   0x0801043e   0x00000000   Code   RO         1331    .text               mc_w.l(iusefp.o)
    0x0801043e   0x0801043e   0x000000ba   Code   RO         1332    .text               mf_w.l(depilogue.o)
    0x080104f8   0x080104f8   0x00000024   Code   RO         1334    .text               mc_w.l(init.o)
    0x0801051c   0x0801051c   0x00000002   Code   RO           65    .text.BusFault_Handler  stm32f4xx_it.o
    0x0801051e   0x0801051e   0x00000002   PAD
    0x08010520   0x08010520   0x00000010   Code   RO           79    .text.CAN1_RX0_IRQHandler  stm32f4xx_it.o
    0x08010530   0x08010530   0x00000010   Code   RO           81    .text.CAN1_RX1_IRQHandler  stm32f4xx_it.o
    0x08010540   0x08010540   0x0000000a   Code   RO         1231    .text.CAN1_Rx_ItFcn  xusiming_can.o
    0x0801054a   0x0801054a   0x00000002   PAD
    0x0801054c   0x0801054c   0x00000010   Code   RO           77    .text.CAN1_TX_IRQHandler  stm32f4xx_it.o
    0x0801055c   0x0801055c   0x0000000a   Code   RO         1233    .text.CAN1_Tx_ItFcn  xusiming_can.o
    0x08010566   0x08010566   0x00000002   PAD
    0x08010568   0x08010568   0x00000002   Code   RO           71    .text.DebugMon_Handler  stm32f4xx_it.o
    0x0801056a   0x0801056a   0x00000002   PAD
    0x0801056c   0x0801056c   0x00000002   Code   RO           35    .text.Error_Handler  main.o
    0x0801056e   0x0801056e   0x00000002   PAD
    0x08010570   0x08010570   0x00000026   Code   RO          172    .text.HAL_CAN_ActivateNotification  stm32f4xx_hal_can.o
    0x08010596   0x08010596   0x00000002   PAD
    0x08010598   0x08010598   0x000000a4   Code   RO          158    .text.HAL_CAN_AddTxMessage  stm32f4xx_hal_can.o
    0x0801063c   0x0801063c   0x000000de   Code   RO          148    .text.HAL_CAN_ConfigFilter  stm32f4xx_hal_can.o
    0x0801071a   0x0801071a   0x00000002   PAD
    0x0801071c   0x0801071c   0x00000018   Code   RO         1229    .text.HAL_CAN_ErrorCallback  xusiming_can.o
    0x08010734   0x08010734   0x00000020   Code   RO          170    .text.HAL_CAN_GetRxFifoFillLevel  stm32f4xx_hal_can.o
    0x08010754   0x08010754   0x0000011c   Code   RO          168    .text.HAL_CAN_GetRxMessage  stm32f4xx_hal_can.o
    0x08010870   0x08010870   0x0000023a   Code   RO          176    .text.HAL_CAN_IRQHandler  stm32f4xx_hal_can.o
    0x08010aaa   0x08010aaa   0x00000002   PAD
    0x08010aac   0x08010aac   0x000000f4   Code   RO          138    .text.HAL_CAN_Init  stm32f4xx_hal_can.o
    0x08010ba0   0x08010ba0   0x000000a4   Code   RO          112    .text.HAL_CAN_MspInit  stm32f4xx_hal_msp.o
    0x08010c44   0x08010c44   0x00000018   Code   RO         1209    .text.HAL_CAN_RxFifo0FullCallback  xusiming_can.o
    0x08010c5c   0x08010c5c   0x00000018   Code   RO         1205    .text.HAL_CAN_RxFifo0MsgPendingCallback  xusiming_can.o
    0x08010c74   0x08010c74   0x00000018   Code   RO         1211    .text.HAL_CAN_RxFifo1FullCallback  xusiming_can.o
    0x08010c8c   0x08010c8c   0x00000018   Code   RO         1207    .text.HAL_CAN_RxFifo1MsgPendingCallback  xusiming_can.o
    0x08010ca4   0x08010ca4   0x00000002   Code   RO         1225    .text.HAL_CAN_SleepCallback  xusiming_can.o
    0x08010ca6   0x08010ca6   0x00000002   PAD
    0x08010ca8   0x08010ca8   0x0000005a   Code   RO          150    .text.HAL_CAN_Start  stm32f4xx_hal_can.o
    0x08010d02   0x08010d02   0x00000002   PAD
    0x08010d04   0x08010d04   0x00000002   Code   RO         1219    .text.HAL_CAN_TxMailbox0AbortCallback  xusiming_can.o
    0x08010d06   0x08010d06   0x00000002   PAD
    0x08010d08   0x08010d08   0x00000018   Code   RO         1213    .text.HAL_CAN_TxMailbox0CompleteCallback  xusiming_can.o
    0x08010d20   0x08010d20   0x00000002   Code   RO         1221    .text.HAL_CAN_TxMailbox1AbortCallback  xusiming_can.o
    0x08010d22   0x08010d22   0x00000002   PAD
    0x08010d24   0x08010d24   0x00000018   Code   RO         1215    .text.HAL_CAN_TxMailbox1CompleteCallback  xusiming_can.o
    0x08010d3c   0x08010d3c   0x00000002   Code   RO         1223    .text.HAL_CAN_TxMailbox2AbortCallback  xusiming_can.o
    0x08010d3e   0x08010d3e   0x00000002   PAD
    0x08010d40   0x08010d40   0x00000018   Code   RO         1217    .text.HAL_CAN_TxMailbox2CompleteCallback  xusiming_can.o
    0x08010d58   0x08010d58   0x00000002   Code   RO         1227    .text.HAL_CAN_WakeUpFromRxMsgCallback  xusiming_can.o
    0x08010d5a   0x08010d5a   0x00000002   PAD
    0x08010d5c   0x08010d5c   0x00000024   Code   RO          414    .text.HAL_DMA_Abort_IT  stm32f4xx_hal_dma.o
    0x08010d80   0x08010d80   0x0000019a   Code   RO          358    .text.HAL_GPIO_Init  stm32f4xx_hal_gpio.o
    0x08010f1a   0x08010f1a   0x00000002   PAD
    0x08010f1c   0x08010f1c   0x0000000a   Code   RO          362    .text.HAL_GPIO_ReadPin  stm32f4xx_hal_gpio.o
    0x08010f26   0x08010f26   0x00000002   PAD
    0x08010f28   0x08010f28   0x0000000e   Code   RO          366    .text.HAL_GPIO_TogglePin  stm32f4xx_hal_gpio.o
    0x08010f36   0x08010f36   0x00000002   PAD
    0x08010f38   0x08010f38   0x0000000a   Code   RO          364    .text.HAL_GPIO_WritePin  stm32f4xx_hal_gpio.o
    0x08010f42   0x08010f42   0x00000002   PAD
    0x08010f44   0x08010f44   0x0000000c   Code   RO          582    .text.HAL_GetTick   stm32f4xx_hal.o
    0x08010f50   0x08010f50   0x0000001a   Code   RO          580    .text.HAL_IncTick   stm32f4xx_hal.o
    0x08010f6a   0x08010f6a   0x00000002   PAD
    0x08010f6c   0x08010f6c   0x00000036   Code   RO          570    .text.HAL_Init      stm32f4xx_hal.o
    0x08010fa2   0x08010fa2   0x00000002   PAD
    0x08010fa4   0x08010fa4   0x00000050   Code   RO          572    .text.HAL_InitTick  stm32f4xx_hal.o
    0x08010ff4   0x08010ff4   0x00000038   Code   RO          110    .text.HAL_MspInit   stm32f4xx_hal_msp.o
    0x0801102c   0x0801102c   0x00000008   Code   RO          510    .text.HAL_NVIC_EnableIRQ  stm32f4xx_hal_cortex.o
    0x08011034   0x08011034   0x0000001e   Code   RO          502    .text.HAL_NVIC_SetPriority  stm32f4xx_hal_cortex.o
    0x08011052   0x08011052   0x00000002   PAD
    0x08011054   0x08011054   0x00000008   Code   RO          498    .text.HAL_NVIC_SetPriorityGrouping  stm32f4xx_hal_cortex.o
    0x0801105c   0x0801105c   0x00000160   Code   RO          222    .text.HAL_RCC_ClockConfig  stm32f4xx_hal_rcc.o
    0x080111bc   0x080111bc   0x0000000c   Code   RO          232    .text.HAL_RCC_GetHCLKFreq  stm32f4xx_hal_rcc.o
    0x080111c8   0x080111c8   0x00000022   Code   RO          234    .text.HAL_RCC_GetPCLK1Freq  stm32f4xx_hal_rcc.o
    0x080111ea   0x080111ea   0x00000002   PAD
    0x080111ec   0x080111ec   0x00000022   Code   RO          236    .text.HAL_RCC_GetPCLK2Freq  stm32f4xx_hal_rcc.o
    0x0801120e   0x0801120e   0x00000002   PAD
    0x08011210   0x08011210   0x00000068   Code   RO          224    .text.HAL_RCC_GetSysClockFreq  stm32f4xx_hal_rcc.o
    0x08011278   0x08011278   0x00000334   Code   RO          220    .text.HAL_RCC_OscConfig  stm32f4xx_hal_rcc.o
    0x080115ac   0x080115ac   0x00000008   Code   RO          522    .text.HAL_SYSTICK_Config  stm32f4xx_hal_cortex.o
    0x080115b4   0x080115b4   0x00000002   Code   RO          971    .text.HAL_TIMEx_BreakCallback  stm32f4xx_hal_tim_ex.o
    0x080115b6   0x080115b6   0x00000002   PAD
    0x080115b8   0x080115b8   0x00000002   Code   RO          967    .text.HAL_TIMEx_CommutCallback  stm32f4xx_hal_tim_ex.o
    0x080115ba   0x080115ba   0x00000002   PAD
    0x080115bc   0x080115bc   0x0000004c   Code   RO          963    .text.HAL_TIMEx_ConfigBreakDeadTime  stm32f4xx_hal_tim_ex.o
    0x08011608   0x08011608   0x000000b8   Code   RO          961    .text.HAL_TIMEx_MasterConfigSynchronization  stm32f4xx_hal_tim_ex.o
    0x080116c0   0x080116c0   0x00000036   Code   RO          661    .text.HAL_TIM_Base_Init  stm32f4xx_hal_tim.o
    0x080116f6   0x080116f6   0x00000002   PAD
    0x080116f8   0x080116f8   0x00000102   Code   RO          116    .text.HAL_TIM_Base_MspInit  stm32f4xx_hal_msp.o
    0x080117fa   0x080117fa   0x00000002   PAD
    0x080117fc   0x080117fc   0x00000020   Code   RO          675    .text.HAL_TIM_Base_Start_IT  stm32f4xx_hal_tim.o
    0x0801181c   0x0801181c   0x000000d0   Code   RO          849    .text.HAL_TIM_ConfigClockSource  stm32f4xx_hal_tim.o
    0x080118ec   0x080118ec   0x0000009e   Code   RO          775    .text.HAL_TIM_Encoder_Init  stm32f4xx_hal_tim.o
    0x0801198a   0x0801198a   0x00000002   PAD
    0x0801198c   0x0801198c   0x0000007c   Code   RO          118    .text.HAL_TIM_Encoder_MspInit  stm32f4xx_hal_msp.o
    0x08011a08   0x08011a08   0x00000064   Code   RO          787    .text.HAL_TIM_Encoder_Start_IT  stm32f4xx_hal_tim.o
    0x08011a6c   0x08011a6c   0x00000024   Code   RO          843    .text.HAL_TIM_GenerateEvent  stm32f4xx_hal_tim.o
    0x08011a90   0x08011a90   0x00000002   Code   RO          797    .text.HAL_TIM_IC_CaptureCallback  stm32f4xx_hal_tim.o
    0x08011a92   0x08011a92   0x00000002   PAD
    0x08011a94   0x08011a94   0x0000016a   Code   RO          795    .text.HAL_TIM_IRQHandler  stm32f4xx_hal_tim.o
    0x08011bfe   0x08011bfe   0x00000002   PAD
    0x08011c00   0x08011c00   0x0000005c   Code   RO          120    .text.HAL_TIM_MspPostInit  stm32f4xx_hal_msp.o
    0x08011c5c   0x08011c5c   0x00000056   Code   RO          807    .text.HAL_TIM_OC_ConfigChannel  stm32f4xx_hal_tim.o
    0x08011cb2   0x08011cb2   0x00000002   PAD
    0x08011cb4   0x08011cb4   0x00000002   Code   RO          799    .text.HAL_TIM_OC_DelayElapsedCallback  stm32f4xx_hal_tim.o
    0x08011cb6   0x08011cb6   0x00000002   PAD
    0x08011cb8   0x08011cb8   0x00000036   Code   RO          689    .text.HAL_TIM_OC_Init  stm32f4xx_hal_tim.o
    0x08011cee   0x08011cee   0x00000002   PAD
    0x08011cf0   0x08011cf0   0x00000002   Code   RO          691    .text.HAL_TIM_OC_MspInit  stm32f4xx_hal_tim.o
    0x08011cf2   0x08011cf2   0x00000002   PAD
    0x08011cf4   0x08011cf4   0x000000a0   Code   RO          827    .text.HAL_TIM_PWM_ConfigChannel  stm32f4xx_hal_tim.o
    0x08011d94   0x08011d94   0x00000036   Code   RO          715    .text.HAL_TIM_PWM_Init  stm32f4xx_hal_tim.o
    0x08011dca   0x08011dca   0x00000002   PAD
    0x08011dcc   0x08011dcc   0x00000002   Code   RO          717    .text.HAL_TIM_PWM_MspInit  stm32f4xx_hal_tim.o
    0x08011dce   0x08011dce   0x00000002   PAD
    0x08011dd0   0x08011dd0   0x00000002   Code   RO          801    .text.HAL_TIM_PWM_PulseFinishedCallback  stm32f4xx_hal_tim.o
    0x08011dd2   0x08011dd2   0x00000002   PAD
    0x08011dd4   0x08011dd4   0x0000003c   Code   RO          723    .text.HAL_TIM_PWM_Start  stm32f4xx_hal_tim.o
    0x08011e10   0x08011e10   0x00000008   Code   RO         1248    .text.HAL_TIM_PeriodElapsedCallback  xusiming_tim.o
    0x08011e18   0x08011e18   0x00000002   Code   RO          805    .text.HAL_TIM_TriggerCallback  stm32f4xx_hal_tim.o
    0x08011e1a   0x08011e1a   0x00000002   PAD
    0x08011e1c   0x08011e1c   0x00000002   Code   RO         1065    .text.HAL_UART_ErrorCallback  stm32f4xx_hal_uart.o
    0x08011e1e   0x08011e1e   0x00000002   PAD
    0x08011e20   0x08011e20   0x0000010e   Code   RO         1059    .text.HAL_UART_IRQHandler  stm32f4xx_hal_uart.o
    0x08011f2e   0x08011f2e   0x00000002   PAD
    0x08011f30   0x08011f30   0x0000005e   Code   RO          983    .text.HAL_UART_Init  stm32f4xx_hal_uart.o
    0x08011f8e   0x08011f8e   0x00000002   PAD
    0x08011f90   0x08011f90   0x00000122   Code   RO          126    .text.HAL_UART_MspInit  stm32f4xx_hal_msp.o
    0x080120b2   0x080120b2   0x00000002   PAD
    0x080120b4   0x080120b4   0x00000002   Code   RO         1075    .text.HAL_UART_RxCpltCallback  stm32f4xx_hal_uart.o
    0x080120b6   0x080120b6   0x00000002   PAD
    0x080120b8   0x080120b8   0x00000044   Code   RO         1005    .text.HAL_UART_Transmit_IT  stm32f4xx_hal_uart.o
    0x080120fc   0x080120fc   0x0000007a   Code   RO         1272    .text.HAL_UART_TxCpltCallback  xusiming_usart.o
    0x08012176   0x08012176   0x00000002   PAD
    0x08012178   0x08012178   0x00000002   Code   RO           61    .text.HardFault_Handler  stm32f4xx_it.o
    0x0801217a   0x0801217a   0x00000002   PAD
    0x0801217c   0x0801217c   0x00000034   Code   RO           17    .text.MX_CAN1_Init  main.o
    0x080121b0   0x080121b0   0x000000e8   Code   RO           15    .text.MX_GPIO_Init  main.o
    0x08012298   0x08012298   0x000000b2   Code   RO           19    .text.MX_TIM1_Init  main.o
    0x0801234a   0x0801234a   0x00000002   PAD
    0x0801234c   0x0801234c   0x0000005c   Code   RO           21    .text.MX_TIM2_Init  main.o
    0x080123a8   0x080123a8   0x00000078   Code   RO           25    .text.MX_TIM3_Init  main.o
    0x08012420   0x08012420   0x00000078   Code   RO           27    .text.MX_TIM5_Init  main.o
    0x08012498   0x08012498   0x0000003a   Code   RO           29    .text.MX_TIM6_Init  main.o
    0x080124d2   0x080124d2   0x00000002   PAD
    0x080124d4   0x080124d4   0x00000030   Code   RO           23    .text.MX_USART1_UART_Init  main.o
    0x08012504   0x08012504   0x00000030   Code   RO           31    .text.MX_USART2_UART_Init  main.o
    0x08012534   0x08012534   0x00000002   Code   RO           63    .text.MemManage_Handler  stm32f4xx_it.o
    0x08012536   0x08012536   0x00000002   PAD
    0x08012538   0x08012538   0x00000002   Code   RO           59    .text.NMI_Handler   stm32f4xx_it.o
    0x0801253a   0x0801253a   0x00000002   PAD
    0x0801253c   0x0801253c   0x0000002c   Code   RO          508    .text.NVIC_EncodePriority  stm32f4xx_hal_cortex.o
    0x08012568   0x08012568   0x00000002   Code   RO           73    .text.PendSV_Handler  stm32f4xx_it.o
    0x0801256a   0x0801256a   0x00000002   PAD
    0x0801256c   0x0801256c   0x00000002   Code   RO           69    .text.SVC_Handler   stm32f4xx_it.o
    0x0801256e   0x0801256e   0x00000002   PAD
    0x08012570   0x08012570   0x00000028   Code   RO           33    .text.SysTick_Config  main.o
    0x08012598   0x08012598   0x0000002e   Code   RO          524    .text.SysTick_Config  stm32f4xx_hal_cortex.o
    0x080125c6   0x080125c6   0x00000002   PAD
    0x080125c8   0x080125c8   0x0000001a   Code   RO           75    .text.SysTick_Handler  stm32f4xx_it.o
    0x080125e2   0x080125e2   0x00000002   PAD
    0x080125e4   0x080125e4   0x00000096   Code   RO           13    .text.SystemClock_Config  main.o
    0x0801267a   0x0801267a   0x00000002   PAD
    0x0801267c   0x0801267c   0x0000001a   Code   RO         1101    .text.SystemInit    system_stm32f4xx.o
    0x08012696   0x08012696   0x00000002   PAD
    0x08012698   0x08012698   0x00000010   Code   RO           83    .text.TIM1_BRK_TIM9_IRQHandler  stm32f4xx_it.o
    0x080126a8   0x080126a8   0x00000010   Code   RO           89    .text.TIM1_CC_IRQHandler  stm32f4xx_it.o
    0x080126b8   0x080126b8   0x00000010   Code   RO           87    .text.TIM1_TRG_COM_TIM11_IRQHandler  stm32f4xx_it.o
    0x080126c8   0x080126c8   0x00000010   Code   RO           85    .text.TIM1_UP_TIM10_IRQHandler  stm32f4xx_it.o
    0x080126d8   0x080126d8   0x00000010   Code   RO           91    .text.TIM2_IRQHandler  stm32f4xx_it.o
    0x080126e8   0x080126e8   0x00000010   Code   RO           93    .text.TIM3_IRQHandler  stm32f4xx_it.o
    0x080126f8   0x080126f8   0x0000008a   Code   RO         1252    .text.TIM3_ItUpFcn  xusiming_tim.o
    0x08012782   0x08012782   0x00000002   PAD
    0x08012784   0x08012784   0x00000010   Code   RO           99    .text.TIM5_IRQHandler  stm32f4xx_it.o
    0x08012794   0x08012794   0x00000010   Code   RO          101    .text.TIM6_DAC_IRQHandler  stm32f4xx_it.o
    0x080127a4   0x080127a4   0x00000142   Code   RO         1250    .text.TIM6_ItUpFcn  xusiming_tim.o
    0x080128e6   0x080128e6   0x00000002   PAD
    0x080128e8   0x080128e8   0x00000124   Code   RO          665    .text.TIM_Base_SetConfig  stm32f4xx_hal_tim.o
    0x08012a0c   0x08012a0c   0x00000024   Code   RO          699    .text.TIM_CCxChannelCmd  stm32f4xx_hal_tim.o
    0x08012a30   0x08012a30   0x00000016   Code   RO          847    .text.TIM_ETR_SetConfig  stm32f4xx_hal_tim.o
    0x08012a46   0x08012a46   0x00000002   PAD
    0x08012a48   0x08012a48   0x00000010   Code   RO          853    .text.TIM_ITRx_SetConfig  stm32f4xx_hal_tim.o
    0x08012a58   0x08012a58   0x00000064   Code   RO          809    .text.TIM_OC1_SetConfig  stm32f4xx_hal_tim.o
    0x08012abc   0x08012abc   0x0000006a   Code   RO          811    .text.TIM_OC2_SetConfig  stm32f4xx_hal_tim.o
    0x08012b26   0x08012b26   0x00000002   PAD
    0x08012b28   0x08012b28   0x00000068   Code   RO          813    .text.TIM_OC3_SetConfig  stm32f4xx_hal_tim.o
    0x08012b90   0x08012b90   0x0000004e   Code   RO          815    .text.TIM_OC4_SetConfig  stm32f4xx_hal_tim.o
    0x08012bde   0x08012bde   0x00000002   PAD
    0x08012be0   0x08012be0   0x00000048   Code   RO         1246    .text.TIM_PeriodElapsedCustomCallback  xusiming_tim.o
    0x08012c28   0x08012c28   0x00000022   Code   RO          851    .text.TIM_TI1_ConfigInputStage  stm32f4xx_hal_tim.o
    0x08012c4a   0x08012c4a   0x00000002   PAD
    0x08012c4c   0x08012c4c   0x00000024   Code   RO          855    .text.TIM_TI2_ConfigInputStage  stm32f4xx_hal_tim.o
    0x08012c70   0x08012c70   0x0000007a   Code   RO         1270    .text.TX_CopyData   xusiming_usart.o
    0x08012cea   0x08012cea   0x00000002   PAD
    0x08012cec   0x08012cec   0x00000010   Code   RO         1063    .text.UART_DMAAbortOnError  stm32f4xx_hal_uart.o
    0x08012cfc   0x08012cfc   0x0000001a   Code   RO         1031    .text.UART_EndRxTransfer  stm32f4xx_hal_uart.o
    0x08012d16   0x08012d16   0x00000002   PAD
    0x08012d18   0x08012d18   0x00000018   Code   RO         1069    .text.UART_EndTransmit_IT  stm32f4xx_hal_uart.o
    0x08012d30   0x08012d30   0x0000007e   Code   RO         1061    .text.UART_Receive_IT  stm32f4xx_hal_uart.o
    0x08012dae   0x08012dae   0x00000002   PAD
    0x08012db0   0x08012db0   0x0000016c   Code   RO          987    .text.UART_SetConfig  stm32f4xx_hal_uart.o
    0x08012f1c   0x08012f1c   0x0000005a   Code   RO         1067    .text.UART_Transmit_IT  stm32f4xx_hal_uart.o
    0x08012f76   0x08012f76   0x00000002   PAD
    0x08012f78   0x08012f78   0x00000010   Code   RO           95    .text.USART1_IRQHandler  stm32f4xx_it.o
    0x08012f88   0x08012f88   0x00000010   Code   RO           97    .text.USART2_IRQHandler  stm32f4xx_it.o
    0x08012f98   0x08012f98   0x00000046   Code   RO         1274    .text.USART2_TX_SendData  xusiming_usart.o
    0x08012fde   0x08012fde   0x00000002   PAD
    0x08012fe0   0x08012fe0   0x00000076   Code   RO         1276    .text.USART2_Tx_Initialization  xusiming_usart.o
    0x08013056   0x08013056   0x00000002   PAD
    0x08013058   0x08013058   0x00000002   Code   RO           67    .text.UsageFault_Handler  stm32f4xx_it.o
    0x0801305a   0x0801305a   0x00000002   PAD
    0x0801305c   0x0801305c   0x00000020   Code   RO          512    .text.__NVIC_EnableIRQ  stm32f4xx_hal_cortex.o
    0x0801307c   0x0801307c   0x00000010   Code   RO          504    .text.__NVIC_GetPriorityGrouping  stm32f4xx_hal_cortex.o
    0x0801308c   0x0801308c   0x0000000e   Code   RO           37    .text.__NVIC_SetPriority  main.o
    0x0801309a   0x0801309a   0x00000002   PAD
    0x0801309c   0x0801309c   0x00000022   Code   RO          506    .text.__NVIC_SetPriority  stm32f4xx_hal_cortex.o
    0x080130be   0x080130be   0x00000002   PAD
    0x080130c0   0x080130c0   0x00000020   Code   RO          500    .text.__NVIC_SetPriorityGrouping  stm32f4xx_hal_cortex.o
    0x080130e0   0x080130e0   0x00000002   Code   RO         1167    .text.getBuffPtr    getbuffptr.o
    0x080130e2   0x080130e2   0x00000006   PAD
    0x080130e8   0x080130e8   0x00000118   Code   RO           11    .text.main          main.o
    0x08013200   0x08013200   0x000000d4   Code   RO         1175    .text.rt_ZCFcn      rt_zcfcn.o
    0x080132d4   0x080132d4   0x00000008   Code   RO         1184    .text.xusiming_ASYNC5  xusiming.o
    0x080132dc   0x080132dc   0x00000082   Code   RO         1186    .text.xusiming_Subsystem5  xusiming.o
    0x0801335e   0x0801335e   0x00000002   PAD
    0x08013360   0x08013360   0x00000314   Code   RO         1190    .text.xusiming_initialize  xusiming.o
    0x08013674   0x08013674   0x00000078   Code   RO         1188    .text.xusiming_step  xusiming.o
    0x080136ec   0x080136ec   0x0000000e   Code   RO         1338    i.__scatterload_copy  mc_w.l(handlers.o)
    0x080136fa   0x080136fa   0x00000002   Code   RO         1339    i.__scatterload_null  mc_w.l(handlers.o)
    0x080136fc   0x080136fc   0x0000000e   Code   RO         1340    i.__scatterload_zeroinit  mc_w.l(handlers.o)
    0x0801370a   0x0801370a   0x00000010   Data   RO         1106    .rodata.AHBPrescTable  system_stm32f4xx.o
    0x0801371a   0x0801371a   0x00000008   Data   RO         1107    .rodata.APBPrescTable  system_stm32f4xx.o
    0x08013722   0x08013722   0x00000002   PAD
    0x08013724   0x08013724   0x00000004   Data   RO         1193    .rodata.xusiming_M  xusiming.o
    0x08013728   0x08013728   0x00000020   Data   RO         1337    Region$$Table       anon$$obj.o


    Execution Region RW_IRAM2 (Exec base: 0x10000000, Load base: 0x08013760, Size: 0x00000000, Max: 0x00010000, ABSOLUTE)

    **** No section assigned to this execution region ****


    Execution Region RW_IRAM1 (Exec base: 0x20000000, Load base: 0x08013748, Size: 0x00000a28, Max: 0x00020000, ABSOLUTE)

    Exec Addr    Load Addr    Size         Type   Attr      Idx    E Section Name        Object

    0x20000000   0x08013748   0x00000004   Data   RW         1105    .data.SystemCoreClock  system_stm32f4xx.o
    0x20000004   0x0801374c   0x00000004   Data   RW           40    .data.autoReloadTimerLoopVal_S  main.o
    0x20000008   0x08013750   0x00000004   Data   RW           39    .data.remainAutoReloadTimerLoopVal_S  main.o
    0x2000000c   0x08013754   0x00000001   Data   RW          625    .data.uwTickFreq    stm32f4xx_hal.o
    0x2000000d   0x08013755   0x00000003   PAD
    0x20000010   0x08013758   0x00000004   Data   RW          624    .data.uwTickPrio    stm32f4xx_hal.o
    0x20000014   0x0801375c   0x00000004   PAD
    0x20000018        -       0x00000004   Zero   RW         1237    .bss.Error_ItFcn1   xusiming_can.o
    0x2000001c        -       0x00000008   Zero   RW         1279    .bss.G_SERIAL_TX_Conf  xusiming_usart.o
    0x20000024        -       0x00000002   Zero   RW         1278    .bss.G_SERIAL_TX_Count  xusiming_usart.o
    0x20000026   0x0801375c   0x00000002   PAD
    0x20000028        -       0x00000008   Zero   RW         1280    .bss.G_SERIAL_TX_Handler  xusiming_usart.o
    0x20000030        -       0x00000014   Zero   RW         1256    .bss.G_TIM_Conf     xusiming_tim.o
    0x20000044        -       0x00000002   Zero   RW         1254    .bss.G_TIM_Count    xusiming_tim.o
    0x20000046   0x0801375c   0x00000002   PAD
    0x20000048        -       0x00000014   Zero   RW         1257    .bss.G_TIM_Handler  xusiming_tim.o
    0x2000005c        -       0x00000001   Zero   RW           49    .bss.OverrunFlags.0  main.o
    0x2000005d   0x0801375c   0x00000003   PAD
    0x20000060        -       0x00000004   Zero   RW         1235    .bss.Rx_ItFcn1      xusiming_can.o
    0x20000064        -       0x00000094   Zero   RW         1258    .bss.TIM1_Conf      xusiming_tim.o
    0x200000f8        -       0x00000094   Zero   RW         1259    .bss.TIM2_Conf      xusiming_tim.o
    0x2000018c        -       0x00000094   Zero   RW         1261    .bss.TIM3_Conf      xusiming_tim.o
    0x20000220        -       0x00000094   Zero   RW         1260    .bss.TIM6_Conf      xusiming_tim.o
    0x200002b4        -       0x00000004   Zero   RW         1236    .bss.Tx_ItFcn1      xusiming_can.o
    0x200002b8        -       0x00000024   Zero   RW         1281    .bss.USART2_TxConf  xusiming_usart.o
    0x200002dc        -       0x00000100   Zero   RW         1282    .bss.USART2_TxDataBuffer  xusiming_usart.o
    0x200003dc        -       0x00000028   Zero   RW           41    .bss.hcan1          main.o
    0x20000404        -       0x00000040   Zero   RW           42    .bss.htim1          main.o
    0x20000444        -       0x00000040   Zero   RW           43    .bss.htim2          main.o
    0x20000484        -       0x00000040   Zero   RW           44    .bss.htim3          main.o
    0x200004c4        -       0x00000040   Zero   RW           45    .bss.htim5          main.o
    0x20000504        -       0x00000040   Zero   RW           46    .bss.htim6          main.o
    0x20000544        -       0x00000040   Zero   RW           47    .bss.huart1         main.o
    0x20000584        -       0x00000040   Zero   RW           48    .bss.huart2         main.o
    0x200005c4        -       0x00000004   Zero   RW          626    .bss.uwTick         stm32f4xx_hal.o
    0x200005c8        -       0x00000038   Zero   RW         1194    .bss.xusiming_B     xusiming.o
    0x20000600        -       0x00000018   Zero   RW         1195    .bss.xusiming_DW    xusiming.o
    0x20000618        -       0x0000000c   Zero   RW         1192    .bss.xusiming_M_    xusiming.o
    0x20000624        -       0x00000001   Zero   RW         1196    .bss.xusiming_PrevZCX  xusiming.o
    0x20000625   0x0801375c   0x00000003   PAD
    0x20000628        -       0x00000400   Zero   RW            1    STACK               startup_stm32f407xx.o


==============================================================================

Image component sizes


      Code (inc. data)   RO Data    RW Data    ZI Data      Debug   Object Name

         2          0          0          0          0        571   getbuffptr.o
      1434         16          0          8        489      14425   main.o
       212         36          0          0          0       1661   rt_zcfcn.o
        36          8        392          0       1024        816   startup_stm32f407xx.o
       172          0          0          5          4       7294   stm32f4xx_hal.o
      1644          6          0          0          0      13081   stm32f4xx_hal_can.o
       258          0          0          0          0      10668   stm32f4xx_hal_cortex.o
        36          0          0          0          0       9230   stm32f4xx_hal_dma.o
       444          0          0          0          0       5120   stm32f4xx_hal_gpio.o
       984          0          0          0          0      11428   stm32f4xx_hal_msp.o
      1356          0          0          0          0       7239   stm32f4xx_hal_rcc.o
      2200          8          0          0          0      38299   stm32f4xx_hal_tim.o
       264          0          0          0          0      14852   stm32f4xx_hal_tim_ex.o
      1082          0          0          0          0      17428   stm32f4xx_hal_uart.o
       250          0          0          0          0       2266   stm32f4xx_it.o
        26          0         24          4          0       2586   system_stm32f4xx.o
      1046          0          4          0         93       5401   xusiming.o
       222          0          0          0         12       4678   xusiming_can.o
       540          0          0          0        634       7272   xusiming_tim.o
       432          0          0          0        310       5141   xusiming_usart.o

    ----------------------------------------------------------------------
     12788         74        454         20       2580     179456   Object Totals
         0          0         32          0          0          0   (incl. Generated)
       148          0          2          3         14          0   (incl. Padding)

    ----------------------------------------------------------------------

      Code (inc. data)   RO Data    RW Data    ZI Data      Debug   Library Member Name

         0          0          0          0          0          0   entry.o
         0          0          0          0          0          0   entry10a.o
         0          0          0          0          0          0   entry11a.o
         8          4          0          0          0          0   entry2.o
         4          0          0          0          0          0   entry5.o
         0          0          0          0          0          0   entry7b.o
         0          0          0          0          0          0   entry8b.o
         8          4          0          0          0          0   entry9a.o
        30          0          0          0          0          0   handlers.o
        36          8          0          0          0         68   init.o
         0          0          0          0          0          0   iusefp.o
        30          0          0          0          0         68   llshl.o
        32          0          0          0          0         68   llushr.o
        36          0          0          0          0         68   memcpya.o
        36          0          0          0          0        108   memseta.o
        98          0          0          0          0         92   uldiv.o
        54          0          0          0          0         80   dcmpgt.o
        54          0          0          0          0         80   dcmplt.o
       222          0          0          0          0        100   ddiv.o
       186          0          0          0          0        176   depilogue.o
        50          0          0          0          0         76   dfixui.o
        26          0          0          0          0         76   dfltui.o

    ----------------------------------------------------------------------
       910         16          0          0          0       1060   Library Totals
         0          0          0          0          0          0   (incl. Padding)

    ----------------------------------------------------------------------

      Code (inc. data)   RO Data    RW Data    ZI Data      Debug   Library Name

       318         16          0          0          0        472   mc_w.l
       592          0          0          0          0        588   mf_w.l

    ----------------------------------------------------------------------
       910         16          0          0          0       1060   Library Totals

    ----------------------------------------------------------------------

==============================================================================


      Code (inc. data)   RO Data    RW Data    ZI Data      Debug   

     13698         90        454         20       2580     179912   Grand Totals
     13698         90        454         20       2580     179912   ELF Image Totals
     13698         90        454         20          0          0   ROM Totals

==============================================================================

    Total RO  Size (Code + RO Data)                14152 (  13.82kB)
    Total RW  Size (RW Data + ZI Data)              2600 (   2.54kB)
    Total ROM Size (Code + RO Data + RW Data)      14172 (  13.84kB)

==============================================================================

